Report for group default
------------------------------------------------------------------------------------------------------------------------------------------------------------
Startpoint: z_reg[0]/Q
    (Clocked by sysclk R)
Endpoint: clk_gate_z_reg/E
    (Clocked by sysclk R)
Path Group: default
Data required time: 59937.9
    (Clock shift: 60000.0, minus Uncertainty: 0.0, plus Latency 0.0, minus Setup time: 62.1)
Data arrival time: 2748.3
Slack: 57189.6
Logic depth: 68
------------------------------------------------------------------------------------------------------------------------------------------------------------
                                                     Arrival               Arc      Net               Net    Total   fan-                                   
Path                     Module/Cell           Edge     Time    Delay    Delay    Delay     Slew     Load     Load    out     Location Power Domain      (V)
                                                        (ps)     (ps)     (ps)     (ps)     (ps)     (ff)     (ff)    (#)      (um,um)                      
------------------------------------------------------------------------------------------------------------------------------------------------------------
clk                      {create_clock}           r      0.0      0.0      0.0                        0.0      0.0     35     0,   72                       
clk_gate_z_reg/CK->GCK   CLKGATETST_X1           rr      0.0      0.0      0.0      0.0      0.0      0.0      0.0     64    68,   68  /PD_TOP        (1.10)
z_reg[0]/CK->Q           DFFR_X1                 rf    102.8    102.8    102.8      0.0      0.0      2.4     14.0      3    68,   68  /PD_TOP        (1.10)
i_0_2_234/B2->ZN         OAI22_X4                fr    178.0     75.2     75.2      0.0     18.4      0.7     26.2      1    68,   68  /PD_TOP        (1.10)
i_0_2_235/A->ZN          INV_X8                  rf    183.3      5.3      5.3      0.0     56.9      0.8      3.3      1    68,   68  /PD_TOP        (1.10)
i_0_2_236/A->ZN          AOI221_X2               fr    262.4     79.1     79.1      0.0      3.3      0.9      4.9      1    68,   68  /PD_TOP        (1.10)
i_0_2_239/A1->ZN         OAI22_X4                rf    288.8     26.4     26.4      0.0     50.6      0.8      4.7      1    68,   68  /PD_TOP        (1.10)
i_0_2_240/A->ZN          OAI21_X4                fr    310.2     21.4     21.4      0.0     11.1      0.8      4.8      1    68,   68  /PD_TOP        (1.10)
i_0_2_243/A->ZN          OAI211_X4               rf    339.5     29.3     29.3      0.0     18.9      0.9      3.5      1    68,   68  /PD_TOP        (1.10)
i_0_2_244/A->ZN          OAI221_X2               fr    367.2     27.7     27.7      0.0     14.0      0.9      4.9      1    68,   68  /PD_TOP        (1.10)
i_0_2_247/A->ZN          OAI211_X4               rf    402.9     35.7     35.7      0.0     42.2      0.9      3.5      1    68,   68  /PD_TOP        (1.10)
i_0_2_248/A->ZN          OAI221_X2               fr    428.9     26.0     26.0      0.0     14.0      0.9      3.5      1    68,   68  /PD_TOP        (1.10)
i_0_2_251/A->ZN          OAI221_X2               rf    471.2     42.3     42.3      0.0     38.8      0.9      3.5      1    68,   68  /PD_TOP        (1.10)
i_0_2_252/A->ZN          OAI221_X2               fr    499.3     28.1     28.1      0.0     18.2      0.9      3.5      1    68,   68  /PD_TOP        (1.10)
i_0_2_255/A->ZN          OAI221_X2               rf    541.6     42.3     42.3      0.0     38.8      0.9      3.5      1    68,   68  /PD_TOP        (1.10)
i_0_2_256/A->ZN          OAI221_X2               fr    571.4     29.8     29.8      0.0     18.2      0.9      4.9      1    68,   68  /PD_TOP        (1.10)
i_0_2_259/A->ZN          OAI211_X4               rf    607.1     35.7     35.7      0.0     42.2      0.9      3.5      1    68,   68  /PD_TOP        (1.10)
i_0_2_260/A->ZN          OAI221_X2               fr    633.1     26.0     26.0      0.0     14.0      0.9      3.5      1    68,   68  /PD_TOP        (1.10)
i_0_2_263/A->ZN          OAI221_X2               rf    675.4     42.3     42.3      0.0     38.8      0.9      3.5      1    68,   68  /PD_TOP        (1.10)
i_0_2_264/A->ZN          OAI221_X2               fr    705.2     29.8     29.8      0.0     18.2      0.9      4.9      1    68,   68  /PD_TOP        (1.10)
i_0_2_267/A->ZN          OAI211_X4               rf    740.9     35.7     35.7      0.0     42.2      0.9      3.5      1    68,   68  /PD_TOP        (1.10)
i_0_2_268/A->ZN          OAI221_X2               fr    766.9     26.0     26.0      0.0     14.0      0.9      3.5      1    68,   68  /PD_TOP        (1.10)
i_0_2_271/A->ZN          OAI221_X2               rf    809.2     42.3     42.3      0.0     38.8      0.9      3.5      1    68,   68  /PD_TOP        (1.10)
i_0_2_272/A->ZN          OAI221_X2               fr    837.3     28.1     28.1      0.0     18.2      0.9      3.5      1    68,   68  /PD_TOP        (1.10)
i_0_2_275/A->ZN          OAI221_X2               rf    879.6     42.3     42.3      0.0     38.8      0.9      3.5      1    68,   68  /PD_TOP        (1.10)
i_0_2_276/A->ZN          OAI221_X2               fr    909.4     29.8     29.8      0.0     18.2      0.9      4.9      1    68,   68  /PD_TOP        (1.10)
i_0_2_279/A->ZN          OAI211_X4               rf    945.1     35.7     35.7      0.0     42.2      0.9      3.5      1    68,   68  /PD_TOP        (1.10)
i_0_2_280/A->ZN          OAI221_X2               fr    971.1     26.0     26.0      0.0     14.0      0.9      3.5      1    68,   68  /PD_TOP        (1.10)
i_0_2_283/A->ZN          OAI221_X2               rf   1013.4     42.3     42.3      0.0     38.8      0.9      3.5      1    68,   68  /PD_TOP        (1.10)
i_0_2_284/A->ZN          OAI221_X2               fr   1043.2     29.8     29.8      0.0     18.2      0.9      4.9      1    68,   68  /PD_TOP        (1.10)
i_0_2_287/A->ZN          OAI211_X4               rf   1078.9     35.7     35.7      0.0     42.2      0.9      3.5      1    68,   68  /PD_TOP        (1.10)
i_0_2_288/A->ZN          OAI221_X2               fr   1106.6     27.7     27.7      0.0     14.0      0.9      4.9      1    68,   68  /PD_TOP        (1.10)
i_0_2_291/A->ZN          OAI211_X4               rf   1142.3     35.7     35.7      0.0     42.2      0.9      3.5      1    68,   68  /PD_TOP        (1.10)
i_0_2_292/A->ZN          OAI221_X2               fr   1168.3     26.0     26.0      0.0     14.0      0.9      3.5      1    68,   68  /PD_TOP        (1.10)
i_0_2_295/A->ZN          OAI221_X2               rf   1210.6     42.3     42.3      0.0     38.8      0.9      3.5      1    68,   68  /PD_TOP        (1.10)
i_0_2_296/A->ZN          OAI221_X4               fr   1279.4     68.8     68.8      0.0     18.2      0.8     26.2      1    68,   68  /PD_TOP        (1.10)
i_0_2_297/A->ZN          INV_X8                  rf   1286.2      6.8      6.8      0.0     18.4      0.8      3.3      1    68,   68  /PD_TOP        (1.10)
i_0_2_298/A->ZN          AOI221_X2               fr   1359.2     73.0     73.0      0.0      3.3      0.9      3.4      1    68,   68  /PD_TOP        (1.10)
i_0_2_300/B->ZN          AOI211_X2               rf   1381.0     21.8     21.8      0.0     45.0      0.9      3.5      1    68,   68  /PD_TOP        (1.10)
i_0_2_301/A->ZN          AOI221_X2               fr   1456.3     75.3     75.3      0.0      9.0      0.9      3.5      1    68,   68  /PD_TOP        (1.10)
i_0_2_304/A->ZN          AOI221_X2               rf   1478.4     22.1     22.1      0.0     45.4      0.9      3.5      1    68,   68  /PD_TOP        (1.10)
i_0_2_305/A->ZN          AOI221_X2               fr   1555.7     77.3     77.3      0.0     15.3      0.9      3.4      1    68,   68  /PD_TOP        (1.10)
i_0_2_307/B->ZN          AOI211_X2               rf   1577.5     21.8     21.8      0.0     45.0      0.9      3.5      1    68,   68  /PD_TOP        (1.10)
i_0_2_308/A->ZN          AOI221_X2               fr   1652.8     75.3     75.3      0.0      9.0      0.9      3.5      1    68,   68  /PD_TOP        (1.10)
i_0_2_311/A->ZN          AOI221_X2               rf   1674.9     22.1     22.1      0.0     45.4      0.9      3.5      1    68,   68  /PD_TOP        (1.10)
i_0_2_312/A->ZN          AOI221_X2               fr   1752.5     77.6     77.6      0.0     15.3      0.9      3.5      1    68,   68  /PD_TOP        (1.10)
i_0_2_315/A->ZN          AOI221_X2               rf   1774.6     22.1     22.1      0.0     45.4      0.9      3.5      1    68,   68  /PD_TOP        (1.10)
i_0_2_316/A->ZN          AOI221_X2               fr   1851.9     77.3     77.3      0.0     15.3      0.9      3.4      1    68,   68  /PD_TOP        (1.10)
i_0_2_318/B->ZN          AOI211_X2               rf   1873.7     21.8     21.8      0.0     45.0      0.9      3.5      1    68,   68  /PD_TOP        (1.10)
i_0_2_319/A->ZN          AOI221_X2               fr   1949.0     75.3     75.3      0.0      9.0      0.9      3.5      1    68,   68  /PD_TOP        (1.10)
i_0_2_322/A->ZN          AOI221_X2               rf   1971.1     22.1     22.1      0.0     45.4      0.9      3.5      1    68,   68  /PD_TOP        (1.10)
i_0_2_323/A->ZN          AOI221_X2               fr   2048.7     77.6     77.6      0.0     15.3      0.9      3.5      1    68,   68  /PD_TOP        (1.10)
i_0_2_326/A->ZN          AOI221_X2               rf   2070.8     22.1     22.1      0.0     45.4      0.9      3.5      1    68,   68  /PD_TOP        (1.10)
i_0_2_327/A->ZN          AOI221_X2               fr   2148.4     77.6     77.6      0.0     15.3      0.9      3.5      1    68,   68  /PD_TOP        (1.10)
i_0_2_330/A->ZN          AOI221_X2               rf   2170.5     22.1     22.1      0.0     45.4      0.9      3.5      1    68,   68  /PD_TOP        (1.10)
i_0_2_331/A->ZN          AOI221_X2               fr   2253.9     83.4     83.4      0.0     15.3      0.9      4.9      1    68,   68  /PD_TOP        (1.10)
i_0_2_334/A1->ZN         OAI22_X4                rf   2280.3     26.4     26.4      0.0     50.6      0.8      4.7      1    68,   68  /PD_TOP        (1.10)
i_0_2_335/A->ZN          OAI21_X4                fr   2301.7     21.4     21.4      0.0     11.1      0.8      4.8      1    68,   68  /PD_TOP        (1.10)
i_0_2_338/A->ZN          OAI211_X4               rf   2331.0     29.3     29.3      0.0     18.9      0.9      3.5      1    68,   68  /PD_TOP        (1.10)
i_0_2_339/A->ZN          OAI221_X2               fr   2358.8     27.8     27.8      0.0     14.0      0.9      4.9      1    68,   68  /PD_TOP        (1.10)
i_0_2_342/A1->ZN         AOI22_X4                rf   2379.7     20.9     20.9      0.0     42.3      0.8      4.7      1    68,   68  /PD_TOP        (1.10)
i_0_2_343/A->ZN          AOI21_X4                fr   2418.9     39.2     39.2      0.0     12.5      0.8      3.3      1    68,   68  /PD_TOP        (1.10)
i_0_2_345/B->ZN          AOI211_X2               rf   2436.4     17.5     17.5      0.0     20.4      0.9      3.5      1    68,   68  /PD_TOP        (1.10)
i_0_2_346/A->ZN          AOI221_X2               fr   2511.7     75.3     75.3      0.0      9.0      0.9      3.5      1    68,   68  /PD_TOP        (1.10)
i_0_2_349/A->ZN          AOI221_X2               rf   2533.8     22.1     22.1      0.0     45.4      0.9      3.5      1    68,   68  /PD_TOP        (1.10)
i_0_2_350/A->ZN          AOI221_X4               fr   2665.9    132.1    132.1      0.0     15.3      0.8     26.2      1    68,   68  /PD_TOP        (1.10)
i_0_2_351/A->ZN          INV_X8                  rf   2672.7      6.8      6.8      0.0     18.6      0.8      3.3      1    68,   68  /PD_TOP        (1.10)
i_0_2_352/A->ZN          OAI221_X2               fr   2694.7     22.0     22.0      0.0      3.3      0.8      4.6      1    68,   68  /PD_TOP        (1.10)
i_0_2_355/A1->ZN         NAND2_X4                rf   2713.0     18.3     18.3      0.0     41.4      0.7      4.6      1    68,   68  /PD_TOP        (1.10)
i_0_2_356/A->ZN          OAI21_X4                fr   2735.2     22.2     22.2      0.0      7.1      1.3      9.3      2    68,   68  /PD_TOP        (1.10)
i_0_2_603/A1->ZN         NAND2_X2                rf   2748.3     13.1     13.1      0.0     24.2      0.7      1.5      1    68,   68  /PD_TOP        (1.10)
clk_gate_z_reg/E         CLKGATETST_X2            f   2748.3      0.0               0.0      5.7                             68,   68  /PD_TOP        (1.10)
------------------------------------------------------------------------------------------------------------------------------------------------------------
Report for group I2R
------------------------------------------------------------------------------------------------------------------------------------------------------------
Startpoint: in_b[1]
    (Clocked by rtDefaultClock R)
Endpoint: clk_gate_z_reg/E
    (Clocked by sysclk R)
Path Group: I2R
Data required time: 59914.2
    (Clock shift: 60000.0, minus Uncertainty: 0.0, plus Latency 0.0, minus Setup time: 85.8)
Data arrival time: 3447.3
Slack: 56466.9
Logic depth: 68
------------------------------------------------------------------------------------------------------------------------------------------------------------
                                                     Arrival               Arc      Net               Net    Total   fan-                                   
Path                     Module/Cell           Edge     Time    Delay    Delay    Delay     Slew     Load     Load    out     Location Power Domain      (V)
                                                        (ps)     (ps)     (ps)     (ps)     (ps)     (ff)     (ff)    (#)      (um,um)                      
------------------------------------------------------------------------------------------------------------------------------------------------------------
in_b[1]                  {set_input_delay}        f    700.0    700.0    700.0                       12.1     29.4      5    70,  136                       
i_0_0/i_124/A2->ZN       OR3_X4                  ff    806.1    106.1    104.7      1.4    100.0      1.9      9.6      3    68,   68  /PD_TOP        (1.10)
i_0_0/i_123/A1->ZN       OR2_X4                  ff    850.0     43.9     43.9      0.0     13.4      1.2      6.8      2    68,   68  /PD_TOP        (1.10)
i_0_0/i_122/A1->ZN       OR2_X4                  ff    894.7     44.7     44.7      0.0      9.0      2.0     11.6      3    68,   68  /PD_TOP        (1.10)
i_0_0/i_121/A1->ZN       OR3_X4                  ff    955.9     61.2     61.2      0.0     10.3      1.9      9.6      3    68,   68  /PD_TOP        (1.10)
i_0_0/i_120/A1->ZN       OR2_X4                  ff   1002.5     46.6     46.6      0.0     13.4      2.0     11.6      3    68,   68  /PD_TOP        (1.10)
i_0_0/i_119/A1->ZN       OR3_X4                  ff   1065.1     62.6     62.6      0.0     10.3      1.9     11.7      3    68,   68  /PD_TOP        (1.10)
i_0_0/i_10/A1->ZN        AND2_X4                 ff   1094.0     28.9     28.9      0.0     14.0      0.7      4.6      1    68,   68  /PD_TOP        (1.10)
i_0_2_123/B1->ZN         AOI22_X4*               fr   1165.0     71.0     71.0      0.0      5.7      1.6     29.4      2    68,   68  /PD_TOP        (1.10)
i_0_2_124/A->ZN          INV_X8                  rf   1173.9      8.9      8.9      0.0     15.3      2.2     10.7      3    68,   68  /PD_TOP        (1.10)
i_0_2_251/B2->ZN         OAI221_X2               fr   1225.6     51.7     51.7      0.0      4.2      0.9      3.5      1    68,   68  /PD_TOP        (1.10)
i_0_2_252/A->ZN          OAI221_X2               rf   1267.9     42.3     42.3      0.0     38.8      0.9      3.5      1    68,   68  /PD_TOP        (1.10)
i_0_2_255/A->ZN          OAI221_X2               fr   1296.0     28.1     28.1      0.0     18.2      0.9      3.5      1    68,   68  /PD_TOP        (1.10)
i_0_2_256/A->ZN          OAI221_X2               rf   1340.6     44.6     44.6      0.0     38.8      0.9      4.9      1    68,   68  /PD_TOP        (1.10)
i_0_2_259/A->ZN          OAI211_X4               fr   1367.3     26.7     26.7      0.0     20.0      0.9      3.5      1    68,   68  /PD_TOP        (1.10)
i_0_2_260/A->ZN          OAI221_X2               rf   1403.8     36.5     36.5      0.0     20.4      0.9      3.5      1    68,   68  /PD_TOP        (1.10)
i_0_2_263/A->ZN          OAI221_X2               fr   1431.9     28.1     28.1      0.0     18.2      0.9      3.5      1    68,   68  /PD_TOP        (1.10)
i_0_2_264/A->ZN          OAI221_X2               rf   1476.5     44.6     44.6      0.0     38.8      0.9      4.9      1    68,   68  /PD_TOP        (1.10)
i_0_2_267/A->ZN          OAI211_X4               fr   1503.2     26.7     26.7      0.0     20.0      0.9      3.5      1    68,   68  /PD_TOP        (1.10)
i_0_2_268/A->ZN          OAI221_X2               rf   1539.7     36.5     36.5      0.0     20.4      0.9      3.5      1    68,   68  /PD_TOP        (1.10)
i_0_2_271/A->ZN          OAI221_X2               fr   1567.8     28.1     28.1      0.0     18.2      0.9      3.5      1    68,   68  /PD_TOP        (1.10)
i_0_2_272/A->ZN          OAI221_X2               rf   1610.1     42.3     42.3      0.0     38.8      0.9      3.5      1    68,   68  /PD_TOP        (1.10)
i_0_2_275/A->ZN          OAI221_X2               fr   1638.2     28.1     28.1      0.0     18.2      0.9      3.5      1    68,   68  /PD_TOP        (1.10)
i_0_2_276/A->ZN          OAI221_X2               rf   1682.8     44.6     44.6      0.0     38.8      0.9      4.9      1    68,   68  /PD_TOP        (1.10)
i_0_2_279/A->ZN          OAI211_X4               fr   1709.5     26.7     26.7      0.0     20.0      0.9      3.5      1    68,   68  /PD_TOP        (1.10)
i_0_2_280/A->ZN          OAI221_X2               rf   1746.0     36.5     36.5      0.0     20.4      0.9      3.5      1    68,   68  /PD_TOP        (1.10)
i_0_2_283/A->ZN          OAI221_X2               fr   1774.1     28.1     28.1      0.0     18.2      0.9      3.5      1    68,   68  /PD_TOP        (1.10)
i_0_2_284/A->ZN          OAI221_X2               rf   1818.7     44.6     44.6      0.0     38.8      0.9      4.9      1    68,   68  /PD_TOP        (1.10)
i_0_2_287/A->ZN          OAI211_X4               fr   1845.4     26.7     26.7      0.0     20.0      0.9      3.5      1    68,   68  /PD_TOP        (1.10)
i_0_2_288/A->ZN          OAI221_X2               rf   1884.0     38.6     38.6      0.0     20.4      0.9      4.9      1    68,   68  /PD_TOP        (1.10)
i_0_2_291/A->ZN          OAI211_X4               fr   1910.7     26.7     26.7      0.0     20.0      0.9      3.5      1    68,   68  /PD_TOP        (1.10)
i_0_2_292/A->ZN          OAI221_X2               rf   1947.2     36.5     36.5      0.0     20.4      0.9      3.5      1    68,   68  /PD_TOP        (1.10)
i_0_2_295/A->ZN          OAI221_X2               fr   1975.3     28.1     28.1      0.0     18.2      0.9      3.5      1    68,   68  /PD_TOP        (1.10)
i_0_2_296/A->ZN          OAI221_X4               rf   2061.0     85.7     85.7      0.0     38.8      0.8     26.2      1    68,   68  /PD_TOP        (1.10)
i_0_2_297/A->ZN          INV_X8                  fr   2071.4     10.4     10.4      0.0     10.7      0.8      3.3      1    68,   68  /PD_TOP        (1.10)
i_0_2_298/A->ZN          AOI221_X2               rf   2083.2     11.8     11.8      0.0      5.1      0.9      3.4      1    68,   68  /PD_TOP        (1.10)
i_0_2_300/B->ZN          AOI211_X2               fr   2152.5     69.3     69.3      0.0     15.2      0.9      3.5      1    68,   68  /PD_TOP        (1.10)
i_0_2_301/A->ZN          AOI221_X2               rf   2174.2     21.7     21.7      0.0     40.5      0.9      3.5      1    68,   68  /PD_TOP        (1.10)
i_0_2_304/A->ZN          AOI221_X2               fr   2251.8     77.6     77.6      0.0     15.3      0.9      3.5      1    68,   68  /PD_TOP        (1.10)
i_0_2_305/A->ZN          AOI221_X2               rf   2273.8     22.0     22.0      0.0     45.4      0.9      3.4      1    68,   68  /PD_TOP        (1.10)
i_0_2_307/B->ZN          AOI211_X2               fr   2343.1     69.3     69.3      0.0     15.2      0.9      3.5      1    68,   68  /PD_TOP        (1.10)
i_0_2_308/A->ZN          AOI221_X2               rf   2364.8     21.7     21.7      0.0     40.5      0.9      3.5      1    68,   68  /PD_TOP        (1.10)
i_0_2_311/A->ZN          AOI221_X2               fr   2442.4     77.6     77.6      0.0     15.3      0.9      3.5      1    68,   68  /PD_TOP        (1.10)
i_0_2_312/A->ZN          AOI221_X2               rf   2464.5     22.1     22.1      0.0     45.4      0.9      3.5      1    68,   68  /PD_TOP        (1.10)
i_0_2_315/A->ZN          AOI221_X2               fr   2542.1     77.6     77.6      0.0     15.3      0.9      3.5      1    68,   68  /PD_TOP        (1.10)
i_0_2_316/A->ZN          AOI221_X2               rf   2564.1     22.0     22.0      0.0     45.4      0.9      3.4      1    68,   68  /PD_TOP        (1.10)
i_0_2_318/B->ZN          AOI211_X2               fr   2633.4     69.3     69.3      0.0     15.2      0.9      3.5      1    68,   68  /PD_TOP        (1.10)
i_0_2_319/A->ZN          AOI221_X2               rf   2655.1     21.7     21.7      0.0     40.5      0.9      3.5      1    68,   68  /PD_TOP        (1.10)
i_0_2_322/A->ZN          AOI221_X2               fr   2732.7     77.6     77.6      0.0     15.3      0.9      3.5      1    68,   68  /PD_TOP        (1.10)
i_0_2_323/A->ZN          AOI221_X2               rf   2754.8     22.1     22.1      0.0     45.4      0.9      3.5      1    68,   68  /PD_TOP        (1.10)
i_0_2_326/A->ZN          AOI221_X2               fr   2832.4     77.6     77.6      0.0     15.3      0.9      3.5      1    68,   68  /PD_TOP        (1.10)
i_0_2_327/A->ZN          AOI221_X2               rf   2854.5     22.1     22.1      0.0     45.4      0.9      3.5      1    68,   68  /PD_TOP        (1.10)
i_0_2_330/A->ZN          AOI221_X2               fr   2932.1     77.6     77.6      0.0     15.3      0.9      3.5      1    68,   68  /PD_TOP        (1.10)
i_0_2_331/A->ZN          AOI221_X2               rf   2955.9     23.8     23.8      0.0     45.4      0.9      4.9      1    68,   68  /PD_TOP        (1.10)
i_0_2_334/A1->ZN         OAI22_X4                fr   2987.1     31.2     31.2      0.0     16.6      0.8      4.7      1    68,   68  /PD_TOP        (1.10)
i_0_2_335/A->ZN          OAI21_X4                rf   3010.8     23.7     23.7      0.0     30.7      0.8      4.8      1    68,   68  /PD_TOP        (1.10)
i_0_2_338/A->ZN          OAI211_X4               fr   3032.4     21.6     21.6      0.0      9.6      0.9      3.5      1    68,   68  /PD_TOP        (1.10)
i_0_2_339/A->ZN          OAI221_X2               rf   3071.1     38.7     38.7      0.0     20.4      0.9      4.9      1    68,   68  /PD_TOP        (1.10)
i_0_2_342/A1->ZN         AOI22_X4                fr   3107.4     36.3     36.3      0.0     20.1      0.8      4.7      1    68,   68  /PD_TOP        (1.10)
i_0_2_343/A->ZN          AOI21_X4                rf   3123.6     16.2     16.2      0.0     25.3      0.8      3.3      1    68,   68  /PD_TOP        (1.10)
i_0_2_345/B->ZN          AOI211_X2               fr   3190.0     66.4     66.4      0.0      7.4      0.9      3.5      1    68,   68  /PD_TOP        (1.10)
i_0_2_346/A->ZN          AOI221_X2               rf   3211.7     21.7     21.7      0.0     40.5      0.9      3.5      1    68,   68  /PD_TOP        (1.10)
i_0_2_349/A->ZN          AOI221_X2               fr   3289.3     77.6     77.6      0.0     15.3      0.9      3.5      1    68,   68  /PD_TOP        (1.10)
i_0_2_350/A->ZN          AOI221_X4               rf   3350.7     61.4     61.4      0.0     45.4      0.8     26.2      1    68,   68  /PD_TOP        (1.10)
i_0_2_351/A->ZN          INV_X8                  fr   3361.1     10.4     10.4      0.0     10.6      0.8      3.3      1    68,   68  /PD_TOP        (1.10)
i_0_2_352/A->ZN          OAI221_X2               rf   3394.1     33.0     33.0      0.0      5.1      0.8      4.6      1    68,   68  /PD_TOP        (1.10)
i_0_2_355/A1->ZN         NAND2_X4                fr   3413.2     19.1     19.1      0.0     19.6      0.7      4.6      1    68,   68  /PD_TOP        (1.10)
i_0_2_356/A->ZN          OAI21_X4                rf   3434.2     21.0     21.0      0.0      9.7      1.3      9.3      2    68,   68  /PD_TOP        (1.10)
i_0_2_603/A1->ZN         NAND2_X2                fr   3447.3     13.1     13.1      0.0     11.5      0.7      1.5      1    68,   68  /PD_TOP        (1.10)
clk_gate_z_reg/E         CLKGATETST_X2            r   3447.3      0.0               0.0      8.0                             68,   68  /PD_TOP        (1.10)
------------------------------------------------------------------------------------------------------------------------------------------------------------
Report for group I2O
------------------------------------------------------------------------------------------------------------------------------------------------------------
Startpoint: in_a[15]
    (Clocked by rtDefaultClock R)
Endpoint: posv
    (Clocked by vsysclk R)
Path Group: I2O
Data required time: 42000.0
    (Clock shift: 60000.0, minus Uncertainty: 0.0, plus Latency 0.0, minus Out delay: 18000.0)
Data arrival time: 1376.7
Slack: 40623.3
Logic depth: 12
------------------------------------------------------------------------------------------------------------------------------------------------------------
                                                     Arrival               Arc      Net               Net    Total   fan-                                   
Path                     Module/Cell           Edge     Time    Delay    Delay    Delay     Slew     Load     Load    out     Location Power Domain      (V)
                                                        (ps)     (ps)     (ps)     (ps)     (ps)     (ff)     (ff)    (#)      (um,um)                      
------------------------------------------------------------------------------------------------------------------------------------------------------------
in_a[15]                 {set_input_delay}        f    700.0    700.0    700.0                        9.3     24.9      4    64,  136                       
i_0_2_683/A->Z           XOR2_X2                 ff    796.2     96.2     94.7      1.5    100.0      1.2      7.6      2    68,   68  /PD_TOP        (1.10)
i_0_2_684/A2->ZN         AND2_X4*                ff    876.8     80.6     80.6      0.0     14.4     62.5    207.6     63    68,   68  /PD_TOP        (1.10)
i_0_2_757/B1->ZN         AOI222_X4               fr   1018.4    141.6    138.7      2.9     15.3      1.4     31.1      2    68,   68  /PD_TOP        (1.10)
i_0_2_880/A->ZN          INV_X8                  rf   1031.7     13.3     13.3      0.0     21.2      0.7     24.4      2    68,   68  /PD_TOP        (1.10)
i_0_2_882/A4->ZN         NOR4_X4                 fr   1112.7     81.0     81.0      0.0      5.7      0.8      4.7      1    68,   68  /PD_TOP        (1.10)
i_0_2_883/A1->ZN         NAND3_X4                rf   1139.9     27.2     27.2      0.0     43.7      0.7      4.9      1    68,   68  /PD_TOP        (1.10)
i_0_2_885/A1->ZN         NOR2_X4                 fr   1164.0     24.1     24.1      0.0     11.2      0.7      4.3      1    68,   68  /PD_TOP        (1.10)
i_0_2_887/A1->ZN         NAND4_X4                rf   1189.3     25.3     25.3      0.0     15.5      0.8      5.0      1    68,   68  /PD_TOP        (1.10)
i_0_2_893/A1->ZN         NOR4_X4                 fr   1237.5     48.2     48.2      0.0     16.1      0.8      4.4      1    68,   68  /PD_TOP        (1.10)
i_0_2_905/A1->ZN         NAND4_X4*               rf   1297.4     59.9     59.9      0.0     43.0      1.5     31.0      2    68,   68  /PD_TOP        (1.10)
i_0_2_914/A1->ZN         AOI22_X4*               fr   1363.4     66.0     66.0      0.0     15.3      1.4     31.0      2    68,   68  /PD_TOP        (1.10)
i_0_2_916/A->ZN          INV_X8                  rf   1374.8     11.4     11.4      0.0     15.3     10.3     20.3      1    68,   68  /PD_TOP        (1.10)
posv                                              f   1376.7      1.9               1.9      5.3                            136,   80                       
------------------------------------------------------------------------------------------------------------------------------------------------------------
Report for group R2O
------------------------------------------------------------------------------------------------------------------------------------------------------------
Startpoint: i_reg[0]/Q
    (Clocked by sysclk R)
Endpoint: posv
    (Clocked by vsysclk R)
Path Group: R2O
Data required time: 42000.0
    (Clock shift: 60000.0, minus Uncertainty: 0.0, plus Latency 0.0, minus Out delay: 18000.0)
Data arrival time: 2171.4
Slack: 39828.6
Logic depth: 47
------------------------------------------------------------------------------------------------------------------------------------------------------------
                                                     Arrival               Arc      Net               Net    Total   fan-                                   
Path                     Module/Cell           Edge     Time    Delay    Delay    Delay     Slew     Load     Load    out     Location Power Domain      (V)
                                                        (ps)     (ps)     (ps)     (ps)     (ps)     (ff)     (ff)    (#)      (um,um)                      
------------------------------------------------------------------------------------------------------------------------------------------------------------
clk                      {create_clock}           r      0.0      0.0      0.0                        0.0      0.0     35     0,   72                       
i_reg[0]/CK->Q           DFFR_X1*                rr    174.0    174.0    174.0      0.0      0.0      5.8     60.4      8    68,   68  /PD_TOP        (1.10)
i_0_7/i_0/B->CO          HA_X1                   rr    213.7     39.7     39.6      0.1     15.3      0.7      4.2      1    68,   68  /PD_TOP        (1.10)
i_0_7/i_1/B->CO          HA_X1                   rr    252.8     39.1     39.1      0.0     13.5      0.7      4.2      1    68,   68  /PD_TOP        (1.10)
i_0_7/i_2/B->CO          HA_X1                   rr    291.9     39.1     39.1      0.0     13.5      0.7      4.2      1    68,   68  /PD_TOP        (1.10)
i_0_7/i_3/B->CO          HA_X1                   rr    331.0     39.1     39.1      0.0     13.5      0.7      4.2      1    68,   68  /PD_TOP        (1.10)
i_0_7/i_4/B->CO          HA_X1                   rr    370.1     39.1     39.1      0.0     13.5      0.7      4.2      1    68,   68  /PD_TOP        (1.10)
i_0_7/i_5/B->CO          HA_X1                   rr    409.2     39.1     39.1      0.0     13.5      0.7      4.2      1    68,   68  /PD_TOP        (1.10)
i_0_7/i_6/B->CO          HA_X1                   rr    448.3     39.1     39.1      0.0     13.5      0.7      4.2      1    68,   68  /PD_TOP        (1.10)
i_0_7/i_7/B->CO          HA_X1                   rr    487.4     39.1     39.1      0.0     13.5      0.7      4.2      1    68,   68  /PD_TOP        (1.10)
i_0_7/i_8/B->CO          HA_X1                   rr    526.5     39.1     39.1      0.0     13.5      0.7      4.2      1    68,   68  /PD_TOP        (1.10)
i_0_7/i_9/B->CO          HA_X1                   rr    565.6     39.1     39.1      0.0     13.5      0.7      4.2      1    68,   68  /PD_TOP        (1.10)
i_0_7/i_11/B->CO         HA_X1                   rr    604.7     39.1     39.1      0.0     13.5      0.7      4.2      1    68,   68  /PD_TOP        (1.10)
i_0_7/i_12/B->CO         HA_X1                   rr    643.8     39.1     39.1      0.0     13.5      0.7      4.2      1    68,   68  /PD_TOP        (1.10)
i_0_7/i_13/B->CO         HA_X1                   rr    682.9     39.1     39.1      0.0     13.5      0.7      4.2      1    68,   68  /PD_TOP        (1.10)
i_0_7/i_14/B->CO         HA_X1                   rr    722.0     39.1     39.1      0.0     13.5      0.7      4.2      1    68,   68  /PD_TOP        (1.10)
i_0_7/i_15/B->CO         HA_X1                   rr    761.1     39.1     39.1      0.0     13.5      0.7      4.2      1    68,   68  /PD_TOP        (1.10)
i_0_7/i_16/B->CO         HA_X1                   rr    800.2     39.1     39.1      0.0     13.5      0.7      4.2      1    68,   68  /PD_TOP        (1.10)
i_0_7/i_17/B->CO         HA_X1                   rr    839.3     39.1     39.1      0.0     13.5      0.7      4.2      1    68,   68  /PD_TOP        (1.10)
i_0_7/i_18/B->CO         HA_X1                   rr    878.4     39.1     39.1      0.0     13.5      0.7      4.2      1    68,   68  /PD_TOP        (1.10)
i_0_7/i_19/B->CO         HA_X1                   rr    917.5     39.1     39.1      0.0     13.5      0.7      4.2      1    68,   68  /PD_TOP        (1.10)
i_0_7/i_10/B->CO         HA_X1                   rr    956.6     39.1     39.1      0.0     13.5      0.7      4.2      1    68,   68  /PD_TOP        (1.10)
i_0_7/i_20/B->CO         HA_X1                   rr    995.7     39.1     39.1      0.0     13.5      0.7      4.2      1    68,   68  /PD_TOP        (1.10)
i_0_7/i_21/B->CO         HA_X1                   rr   1034.8     39.1     39.1      0.0     13.5      0.7      4.2      1    68,   68  /PD_TOP        (1.10)
i_0_7/i_22/B->CO         HA_X1                   rr   1073.9     39.1     39.1      0.0     13.5      0.7      4.2      1    68,   68  /PD_TOP        (1.10)
i_0_7/i_23/B->CO         HA_X1                   rr   1113.0     39.1     39.1      0.0     13.5      0.7      4.2      1    68,   68  /PD_TOP        (1.10)
i_0_7/i_24/B->CO         HA_X1                   rr   1152.1     39.1     39.1      0.0     13.5      0.7      4.2      1    68,   68  /PD_TOP        (1.10)
i_0_7/i_25/B->CO         HA_X1                   rr   1191.2     39.1     39.1      0.0     13.5      0.7      4.2      1    68,   68  /PD_TOP        (1.10)
i_0_7/i_26/B->CO         HA_X1                   rr   1230.3     39.1     39.1      0.0     13.5      0.7      4.2      1    68,   68  /PD_TOP        (1.10)
i_0_7/i_27/B->CO         HA_X1                   rr   1269.4     39.1     39.1      0.0     13.5      0.7      4.2      1    68,   68  /PD_TOP        (1.10)
i_0_7/i_28/B->CO         HA_X1                   rr   1308.5     39.1     39.1      0.0     13.5      0.7      4.2      1    68,   68  /PD_TOP        (1.10)
i_0_7/i_29/B->CO         HA_X1                   rr   1347.5     39.0     39.0      0.0     13.5      0.7      4.1      1    68,   68  /PD_TOP        (1.10)
i_0_7/i_30/B->Z          XOR2_X2                 rf   1366.3     18.8     18.8      0.0     13.4      0.7      4.8      1    68,   68  /PD_TOP        (1.10)
i_0_2_622/A1->ZN         AOI22_X4*               fr   1431.1     64.8     64.8      0.0     12.9      1.5     30.6      2    68,   68  /PD_TOP        (1.10)
i_0_2_638/A1->ZN         NAND4_X4                rf   1456.3     25.2     25.2      0.0     15.3      0.7      5.0      1    68,   68  /PD_TOP        (1.10)
i_0_2_640/A1->ZN         NOR2_X4                 fr   1482.6     26.3     26.3      0.0     16.1      0.7      4.3      1    68,   68  /PD_TOP        (1.10)
i_0_2_657/A1->ZN         NAND4_X4                rf   1507.9     25.3     25.3      0.0     15.5      0.8      5.0      1    68,   68  /PD_TOP        (1.10)
i_0_2_678/A1->ZN         NOR4_X4*                fr   1631.6    123.7    123.7      0.0     16.1      5.9     56.9      8    68,   68  /PD_TOP        (1.10)
i_0_2_680/A1->ZN         NOR2_X4*                rf   1693.0     61.4     61.2      0.2     15.3     67.1    238.2     68    68,   68  /PD_TOP        (1.10)
i_0_2_757/A1->ZN         AOI222_X4               fr   1813.1    120.1    117.0      3.1     15.3      1.4     31.1      2    68,   68  /PD_TOP        (1.10)
i_0_2_880/A->ZN          INV_X8                  rf   1826.4     13.3     13.3      0.0     21.2      0.7     24.4      2    68,   68  /PD_TOP        (1.10)
i_0_2_882/A4->ZN         NOR4_X4                 fr   1907.4     81.0     81.0      0.0      5.7      0.8      4.7      1    68,   68  /PD_TOP        (1.10)
i_0_2_883/A1->ZN         NAND3_X4                rf   1934.6     27.2     27.2      0.0     43.7      0.7      4.9      1    68,   68  /PD_TOP        (1.10)
i_0_2_885/A1->ZN         NOR2_X4                 fr   1958.7     24.1     24.1      0.0     11.2      0.7      4.3      1    68,   68  /PD_TOP        (1.10)
i_0_2_887/A1->ZN         NAND4_X4                rf   1984.0     25.3     25.3      0.0     15.5      0.8      5.0      1    68,   68  /PD_TOP        (1.10)
i_0_2_893/A1->ZN         NOR4_X4                 fr   2032.2     48.2     48.2      0.0     16.1      0.8      4.4      1    68,   68  /PD_TOP        (1.10)
i_0_2_905/A1->ZN         NAND4_X4*               rf   2092.1     59.9     59.9      0.0     43.0      1.5     31.0      2    68,   68  /PD_TOP        (1.10)
i_0_2_914/A1->ZN         AOI22_X4*               fr   2158.1     66.0     66.0      0.0     15.3      1.4     31.0      2    68,   68  /PD_TOP        (1.10)
i_0_2_916/A->ZN          INV_X8                  rf   2169.5     11.4     11.4      0.0     15.3     10.3     20.3      1    68,   68  /PD_TOP        (1.10)
posv                                              f   2171.4      1.9               1.9      5.3                            136,   80                       
------------------------------------------------------------------------------------------------------------------------------------------------------------
