Report Physical info: 
------------------------+-------------+-----------+------------
                        |             |Area (squm)|Leakage (uW)
------------------------+-------------+-----------+------------
Design Name             |fpu_divider  |           |            
  Total Instances       |         2308|       3494|      72.571
    Macros              |            0|          0|       0.000
    Pads                |            0|          0|       0.000
    Phys                |            0|          0|       0.000
    Blackboxes          |            0|          0|       0.000
    Cells               |         2308|       3494|      72.571
      Buffers           |            0|          0|       0.000
      Inverters         |          408|        217|       5.856
      Clock-Gates       |            1|          4|       0.059
      Combinational     |         1540|       2058|      47.542
      Latches           |          261|        694|      10.665
      FlipFlops         |           98|        521|       8.449
       Single-Bit FF    |           98|        521|       8.449
       Multi-Bit FF     |            0|          0|       0.000
       Clock-Gated      |           64|           |            
       Bits             |           98|        521|       8.449
         Load-Enabled   |            0|           |            
         Clock-Gated    |           64|           |            
  Tristate Pin Count    |            0|           |            
Physical Info           |Placed       |           |            
  Chip Size (mm x mm)   |0.136 x 0.136|      18582|            
  Fixed Cell Area       |             |          0|            
    Phys Only           |            0|          0|            
  Placeable Area        |             |       5760|            
  Movable Cell Area     |             |       3494|            
  Utilization (%)       |           60|           |            
  Chip Utilization (%)  |           60|           |            
  Total Wire Length (mm)|       14.324|           |            
  Longest Wire (mm)     |        0.083|           |            
  Average Wire (mm)     |        0.074|           |            
------------------------+-------------+-----------+------------
