Report End Points: 
-----+-------+------+-------+-------+-----+-----+-------+-----------+-------------------
     |Group  |Launch|Capture|Shift  |Delay|Depth|Slack  |Begin Point|End Point          
-----+-------+------+-------+-------+-----+-----+-------+-----------+-------------------
1    |default|sysclk|sysclk |60000.0| 57.1|    2|59739.5|error_reg/Q|error_reg/D        
2    |default|sysclk|sysclk |60000.0|  8.4|    1|59767.9|error_reg/Q|clk_gate_posv_reg/E
-----+-------+------+-------+-------+-----+-----+-------+-----------+-------------------
Report End Points: 
-----+-----+--------------+-------+-------+------+-----+-------+-----------+---------------
     |Group|Launch        |Capture|Shift  |Delay |Depth|Slack  |Begin Point|End Point      
-----+-----+--------------+-------+-------+------+-----+-------+-----------+---------------
1    |I2R  |rtDefaultClock|sysclk |60000.0|6168.1|   85|53090.7|in_a[1]    |error_reg/D    
2    |I2R  |rtDefaultClock|sysclk |60000.0|6112.6|   84|53145.7|in_a[1]    |err_reg/D      
3    |I2R  |rtDefaultClock|sysclk |60000.0|6032.8|   82|53228.7|in_a[1]    |out_c_reg[63]/D
-----+-----+--------------+-------+-------+------+-----+-------+-----------+---------------
Report End Points: 
-----+-----+------+-------+-----+-----+-----+-----+-----------+---------
     |Group|Launch|Capture|Shift|Delay|Depth|Slack|Begin Point|End Point
-----+-----+------+-------+-----+-----+-----+-----+-----------+---------
1    |I2O  |      |       |     |     |     |     |           |         
-----+-----+------+-------+-----+-----+-----+-----+-----------+---------
Report End Points: 
-----+-----+------+-------+-------+-----+-----+-------+---------------+---------
     |Group|Launch|Capture|Shift  |Delay|Depth|Slack  |Begin Point    |End Point
-----+-----+------+-------+-------+-----+-----+-------+---------------+---------
1    |R2O  |sysclk|vsysclk|60000.0|  1.6|    0|41773.4|out_c_reg[63]/Q|out_c[63]
2    |R2O  |sysclk|vsysclk|60000.0|  1.6|    0|41773.4|out_c_reg[63]/Q|out_c[62]
3    |R2O  |sysclk|vsysclk|60000.0|  1.6|    0|41773.4|out_c_reg[63]/Q|out_c[59]
-----+-----+------+-------+-------+-----+-----+-------+---------------+---------
