Report for group default
------------------------------------------------------------------------------------------------------------------------------------------------------------
Startpoint: error_reg/Q
    (Clocked by sysclk R)
Endpoint: error_reg/D
    (Clocked by sysclk R)
Path Group: default
Data required time: 59958.8
    (Clock shift: 60000.0, minus Uncertainty: 0.0, plus Latency 0.0, minus Setup time: 41.2)
Data arrival time: 219.3
Slack: 59739.5
Logic depth: 2
------------------------------------------------------------------------------------------------------------------------------------------------------------
                                                     Arrival               Arc      Net               Net    Total   fan-                                   
Path                     Module/Cell           Edge     Time    Delay    Delay    Delay     Slew     Load     Load    out     Location Power Domain      (V)
                                                        (ps)     (ps)     (ps)     (ps)     (ps)     (ff)     (ff)    (#)      (um,um)                      
------------------------------------------------------------------------------------------------------------------------------------------------------------
clk                      {create_clock}           r      0.0      0.0      0.0                        0.0      0.0      2    71,    0                       
error_reg/CK->Q          DFFR_X1*                rr    162.2    162.2    162.2      0.0      0.0      2.1     33.0      3    64,   64  /PD_TOP        (1.10)
i_0_2_0/A2->ZN           NOR2_X4                 rf    173.1     10.9     10.9      0.0     15.3      0.7      2.9      1    64,   64  /PD_TOP        (1.10)
error_reg_enable_mux_0/S->Z
                         MUX2_X1                 ff    219.3     46.2     46.2      0.0      5.3      0.8      1.9      1    64,   64  /PD_TOP        (1.10)
error_reg/D              DFFR_X1                  f    219.3      0.0               0.0     10.3                             64,   64  /PD_TOP        (1.10)
------------------------------------------------------------------------------------------------------------------------------------------------------------
Report for group I2R
------------------------------------------------------------------------------------------------------------------------------------------------------------
Startpoint: in_a[1]
    (Clocked by rtDefaultClock R)
Endpoint: error_reg/D
    (Clocked by sysclk R)
Path Group: I2R
Data required time: 59958.8
    (Clock shift: 60000.0, minus Uncertainty: 0.0, plus Latency 0.0, minus Setup time: 41.2)
Data arrival time: 6868.1
Slack: 53090.7
Logic depth: 85
------------------------------------------------------------------------------------------------------------------------------------------------------------
                                                     Arrival               Arc      Net               Net    Total   fan-                                   
Path                     Module/Cell           Edge     Time    Delay    Delay    Delay     Slew     Load     Load    out     Location Power Domain      (V)
                                                        (ps)     (ps)     (ps)     (ps)     (ps)     (ff)     (ff)    (#)      (um,um)                      
------------------------------------------------------------------------------------------------------------------------------------------------------------
in_a[1]                  {set_input_delay}        f    700.0    700.0    700.0                       21.9     86.4     17   128,   60                       
i_0_1_809/A1->ZN         NOR2_X4*                fr    797.4     97.4     96.1      1.3    100.0      1.3     30.6      2    64,   64  /PD_TOP        (1.10)
i_0_1_808/A->ZN          INV_X8                  rf    805.9      8.5      8.5      0.0     15.3      1.3      9.6      2    64,   64  /PD_TOP        (1.10)
i_0_1_807/A2->ZN         NOR2_X4*                fr    863.5     57.6     57.6      0.0      4.1      1.3     30.6      2    64,   64  /PD_TOP        (1.10)
i_0_1_768/A->ZN          AOI21_X4*               rf    905.0     41.5     41.5      0.0     15.3     13.2     71.6     16    64,   64  /PD_TOP        (1.10)
i_0_1_196/A2->ZN         AND2_X4                 ff    941.0     36.0     35.5      0.5     15.3      2.4     11.8      3    64,   64  /PD_TOP        (1.10)
i_0_1_13/B->CO           FA_X1                   ff   1020.4     79.4     79.4      0.0      7.5      0.8      3.6      1    64,   64  /PD_TOP        (1.10)
i_0_1_14/CI->S           FA_X1                   ff   1111.9     91.5     91.5      0.0     15.9      0.9      3.2      1    64,   64  /PD_TOP        (1.10)
i_0_1_189/B1->ZN         AOI222_X4               fr   1248.1    136.2    136.2      0.0     16.6      0.8     26.2      1    64,   64  /PD_TOP        (1.10)
i_0_1_188/A->ZN          INV_X8                  rf   1257.7      9.6      9.6      0.0     18.6      2.4     11.8      3    64,   64  /PD_TOP        (1.10)
i_0_1_26/B->CO           FA_X1                   ff   1335.8     78.1     78.1      0.0      4.3      0.8      3.6      1    64,   64  /PD_TOP        (1.10)
i_0_1_27/CI->CO          FA_X1                   ff   1410.0     74.2     74.2      0.0     15.9      0.8      3.6      1    64,   64  /PD_TOP        (1.10)
i_0_1_28/CI->CO          FA_X1                   ff   1484.2     74.2     74.2      0.0     15.9      0.8      3.6      1    64,   64  /PD_TOP        (1.10)
i_0_1_29/CI->CO          FA_X1                   ff   1558.4     74.2     74.2      0.0     15.9      0.8      3.6      1    64,   64  /PD_TOP        (1.10)
i_0_1_30/CI->CO          FA_X1                   ff   1632.6     74.2     74.2      0.0     15.9      0.8      3.6      1    64,   64  /PD_TOP        (1.10)
i_0_1_31/CI->CO          FA_X1                   ff   1706.8     74.2     74.2      0.0     15.9      0.8      3.6      1    64,   64  /PD_TOP        (1.10)
i_0_1_32/CI->CO          FA_X1                   ff   1781.0     74.2     74.2      0.0     15.9      0.8      3.6      1    64,   64  /PD_TOP        (1.10)
i_0_1_33/CI->CO          FA_X1                   ff   1855.2     74.2     74.2      0.0     15.9      0.8      3.6      1    64,   64  /PD_TOP        (1.10)
i_0_1_34/CI->CO          FA_X1                   ff   1929.4     74.2     74.2      0.0     15.9      0.8      3.6      1    64,   64  /PD_TOP        (1.10)
i_0_1_35/CI->CO          FA_X1                   ff   2003.6     74.2     74.2      0.0     15.9      0.8      3.6      1    64,   64  /PD_TOP        (1.10)
i_0_1_36/CI->CO          FA_X1                   ff   2077.8     74.2     74.2      0.0     15.9      0.8      3.6      1    64,   64  /PD_TOP        (1.10)
i_0_1_37/CI->CO          FA_X1                   ff   2152.0     74.2     74.2      0.0     15.9      0.8      3.6      1    64,   64  /PD_TOP        (1.10)
i_0_1_38/CI->CO          FA_X1*                  ff   2273.7    121.7    121.7      0.0     15.9      2.3     35.9      3    64,   64  /PD_TOP        (1.10)
i_0_1_819/A->ZN          INV_X8                  fr   2288.5     14.8     14.8      0.0     15.3      1.4      9.7      2    64,   64  /PD_TOP        (1.10)
i_0_1_659/A2->ZN         OAI22_X4                rf   2306.1     17.6     17.6      0.0      6.6      0.7      4.2      1    64,   64  /PD_TOP        (1.10)
i_0_1_658/B->Z           XOR2_X2                 ff   2363.9     57.8     57.8      0.0     10.9      0.8      3.2      1    64,   64  /PD_TOP        (1.10)
i_0_1_657/B2->ZN         AOI221_X4               fr   2501.7    137.8    137.8      0.0     11.9      0.8     26.2      1    64,   64  /PD_TOP        (1.10)
i_0_1_656/A->ZN          INV_X8                  rf   2511.3      9.6      9.6      0.0     18.6      2.4     11.8      3    64,   64  /PD_TOP        (1.10)
i_0_1_77/B->S            FA_X1                   ff   2606.6     95.3     95.3      0.0      4.3      0.9      3.2      1    64,   64  /PD_TOP        (1.10)
i_0_1_655/B1->ZN         AOI222_X4               fr   2742.8    136.2    136.2      0.0     16.6      0.8     26.2      1    64,   64  /PD_TOP        (1.10)
i_0_1_654/A->ZN          INV_X8                  rf   2752.4      9.6      9.6      0.0     18.6      2.4     11.8      3    64,   64  /PD_TOP        (1.10)
i_0_1_102/B->CO          FA_X1                   ff   2830.5     78.1     78.1      0.0      4.3      0.8      3.6      1    64,   64  /PD_TOP        (1.10)
i_0_1_103/CI->S          FA_X1                   ff   2922.0     91.5     91.5      0.0     15.9      0.9      3.2      1    64,   64  /PD_TOP        (1.10)
i_0_1_667/B1->ZN         AOI222_X4               fr   3058.2    136.2    136.2      0.0     16.6      0.8     26.2      1    64,   64  /PD_TOP        (1.10)
i_0_1_666/A->ZN          INV_X8                  rf   3067.8      9.6      9.6      0.0     18.6      2.4     11.8      3    64,   64  /PD_TOP        (1.10)
i_0_1_115/B->CO          FA_X1                   ff   3145.9     78.1     78.1      0.0      4.3      0.8      3.6      1    64,   64  /PD_TOP        (1.10)
i_0_1_116/CI->CO         FA_X1*                  ff   3267.6    121.7    121.7      0.0     15.9      2.3     35.9      3    64,   64  /PD_TOP        (1.10)
i_0_1_813/A->ZN          INV_X8                  fr   3282.4     14.8     14.8      0.0     15.3      1.4      9.7      2    64,   64  /PD_TOP        (1.10)
i_0_1_685/A2->ZN         OAI22_X4                rf   3300.0     17.6     17.6      0.0      6.6      0.7      4.2      1    64,   64  /PD_TOP        (1.10)
i_0_1_684/B->Z           XOR2_X2                 ff   3357.8     57.8     57.8      0.0     10.9      0.8      3.2      1    64,   64  /PD_TOP        (1.10)
i_0_1_683/B2->ZN         AOI221_X4               fr   3495.6    137.8    137.8      0.0     11.9      0.8     26.2      1    64,   64  /PD_TOP        (1.10)
i_0_1_682/A->ZN          INV_X8                  rf   3505.2      9.6      9.6      0.0     18.6      2.4     11.8      3    64,   64  /PD_TOP        (1.10)
i_0_1_155/B->S           FA_X1                   ff   3600.5     95.3     95.3      0.0      4.3      0.9      3.2      1    64,   64  /PD_TOP        (1.10)
i_0_1_681/B1->ZN         AOI222_X4               fr   3736.7    136.2    136.2      0.0     16.6      0.8     26.2      1    64,   64  /PD_TOP        (1.10)
i_0_1_680/A->ZN          INV_X8                  rf   3746.3      9.6      9.6      0.0     18.6      2.4     11.6      3    64,   64  /PD_TOP        (1.10)
i_0_32/i_13/B->CO        FA_X1                   ff   3824.4     78.1     78.1      0.0      4.3      0.8      3.6      1    64,   64  /PD_TOP        (1.10)
i_0_32/i_14/CI->S        FA_X1                   ff   3915.9     91.5     91.5      0.0     15.9      0.9      3.2      1    64,   64  /PD_TOP        (1.10)
i_0_1_519/B1->ZN         AOI222_X4               fr   4052.1    136.2    136.2      0.0     16.6      0.8     26.2      1    64,   64  /PD_TOP        (1.10)
i_0_1_518/A->ZN          INV_X8                  rf   4061.7      9.6      9.6      0.0     18.6      2.4     11.6      3    64,   64  /PD_TOP        (1.10)
i_0_36/i_13/B->CO        FA_X1                   ff   4139.8     78.1     78.1      0.0      4.3      0.8      3.6      1    64,   64  /PD_TOP        (1.10)
i_0_36/i_14/CI->S        FA_X1                   ff   4231.3     91.5     91.5      0.0     15.9      0.9      3.2      1    64,   64  /PD_TOP        (1.10)
i_0_1_485/B1->ZN         AOI222_X4               fr   4367.5    136.2    136.2      0.0     16.6      0.8     26.2      1    64,   64  /PD_TOP        (1.10)
i_0_1_484/A->ZN          INV_X8                  rf   4377.1      9.6      9.6      0.0     18.6      2.4     11.6      3    64,   64  /PD_TOP        (1.10)
i_0_39/i_13/B->CO        FA_X1                   ff   4455.2     78.1     78.1      0.0      4.3      0.8      3.6      1    64,   64  /PD_TOP        (1.10)
i_0_39/i_14/CI->S        FA_X1                   ff   4546.7     91.5     91.5      0.0     15.9      0.9      3.2      1    64,   64  /PD_TOP        (1.10)
i_0_1_451/B1->ZN         AOI222_X4               fr   4682.9    136.2    136.2      0.0     16.6      0.8     26.2      1    64,   64  /PD_TOP        (1.10)
i_0_1_450/A->ZN          INV_X8                  rf   4692.5      9.6      9.6      0.0     18.6      2.4     11.6      3    64,   64  /PD_TOP        (1.10)
i_0_43/i_13/B->CO        FA_X1                   ff   4770.6     78.1     78.1      0.0      4.3      0.8      3.6      1    64,   64  /PD_TOP        (1.10)
i_0_43/i_14/CI->S        FA_X1                   ff   4862.1     91.5     91.5      0.0     15.9      0.9      3.2      1    64,   64  /PD_TOP        (1.10)
i_0_1_417/B1->ZN         AOI222_X4               fr   4998.3    136.2    136.2      0.0     16.6      0.8     26.2      1    64,   64  /PD_TOP        (1.10)
i_0_1_416/A->ZN          INV_X8                  rf   5007.9      9.6      9.6      0.0     18.6      2.4     11.6      3    64,   64  /PD_TOP        (1.10)
i_0_47/i_13/B->CO        FA_X1                   ff   5086.0     78.1     78.1      0.0      4.3      0.8      3.6      1    64,   64  /PD_TOP        (1.10)
i_0_47/i_14/CI->S        FA_X1                   ff   5177.5     91.5     91.5      0.0     15.9      0.9      3.2      1    64,   64  /PD_TOP        (1.10)
i_0_1_383/B1->ZN         AOI222_X4               fr   5313.7    136.2    136.2      0.0     16.6      0.8     26.2      1    64,   64  /PD_TOP        (1.10)
i_0_1_382/A->ZN          INV_X8                  rf   5323.3      9.6      9.6      0.0     18.6      2.4     11.6      3    64,   64  /PD_TOP        (1.10)
i_0_51/i_13/B->CO        FA_X1                   ff   5401.4     78.1     78.1      0.0      4.3      0.8      3.6      1    64,   64  /PD_TOP        (1.10)
i_0_51/i_14/CI->S        FA_X1                   ff   5492.9     91.5     91.5      0.0     15.9      0.9      3.2      1    64,   64  /PD_TOP        (1.10)
i_0_1_349/B1->ZN         AOI222_X4               fr   5629.1    136.2    136.2      0.0     16.6      0.8     26.2      1    64,   64  /PD_TOP        (1.10)
i_0_1_348/A->ZN          INV_X8                  rf   5638.7      9.6      9.6      0.0     18.6      2.4     11.6      3    64,   64  /PD_TOP        (1.10)
i_0_55/i_13/B->CO        FA_X1                   ff   5716.8     78.1     78.1      0.0      4.3      0.8      3.6      1    64,   64  /PD_TOP        (1.10)
i_0_55/i_14/CI->S        FA_X1                   ff   5808.3     91.5     91.5      0.0     15.9      0.9      3.2      1    64,   64  /PD_TOP        (1.10)
i_0_1_315/B1->ZN         AOI222_X4               fr   5944.5    136.2    136.2      0.0     16.6      0.8     26.2      1    64,   64  /PD_TOP        (1.10)
i_0_1_314/A->ZN          INV_X8                  rf   5954.1      9.6      9.6      0.0     18.6      2.4     11.6      3    64,   64  /PD_TOP        (1.10)
i_0_60/i_13/B->CO        FA_X1                   ff   6032.2     78.1     78.1      0.0      4.3      0.8      3.6      1    64,   64  /PD_TOP        (1.10)
i_0_60/i_14/CI->S        FA_X1                   ff   6123.7     91.5     91.5      0.0     15.9      0.9      3.2      1    64,   64  /PD_TOP        (1.10)
i_0_1_281/B1->ZN         AOI222_X4               fr   6259.9    136.2    136.2      0.0     16.6      0.8     26.2      1    64,   64  /PD_TOP        (1.10)
i_0_1_280/A->ZN          INV_X8                  rf   6269.5      9.6      9.6      0.0     18.6      2.4     11.6      3    64,   64  /PD_TOP        (1.10)
i_0_63/i_13/B->CO        FA_X1                   ff   6347.6     78.1     78.1      0.0      4.3      0.8      3.6      1    64,   64  /PD_TOP        (1.10)
i_0_63/i_14/CI->CO       FA_X1*                  ff   6464.9    117.3    117.3      0.0     15.9      1.6     28.6      2    64,   64  /PD_TOP        (1.10)
i_0_63/i_17/B3->ZN       OAI33_X1                fr   6568.6    103.7    103.7      0.0     15.3      0.8      4.2      1    64,   64  /PD_TOP        (1.10)
i_0_63/i_16/B->Z         XOR2_X2                 rf   6593.0     24.4     24.4      0.0     76.5      0.8      3.2      1    64,   64  /PD_TOP        (1.10)
i_0_1_251/B1->ZN         AOI221_X4               fr   6725.6    132.6    132.6      0.0     12.0      1.6     30.8      2    64,   64  /PD_TOP        (1.10)
i_0_1_200/A3->ZN         NAND4_X4                rf   6758.8     33.2     33.2      0.0     21.0      0.7      4.9      1    64,   64  /PD_TOP        (1.10)
i_0_1_199/A2->ZN         NOR2_X4                 fr   6790.4     31.6     31.6      0.0     16.0      0.7      4.8      1    64,   64  /PD_TOP        (1.10)
i_0_1_198/B2->ZN         AOI22_X4                rf   6812.6     22.2     22.2      0.0     16.1      1.7      4.2      2    64,   64  /PD_TOP        (1.10)
error_reg_enable_mux_0/B->Z
                         MUX2_X2                 ff   6868.1     55.5     55.5      0.0     12.3      0.8      1.9      1    64,   64  /PD_TOP        (1.10)
error_reg/D              DFFR_X1                  f   6868.1      0.0               0.0     10.3                             64,   64  /PD_TOP        (1.10)
------------------------------------------------------------------------------------------------------------------------------------------------------------
Report for group I2O
Report for group R2O
------------------------------------------------------------------------------------------------------------------------------------------------------------
Startpoint: out_c_reg[63]/Q
    (Clocked by sysclk R)
Endpoint: out_c[63]
    (Clocked by vsysclk R)
Path Group: R2O
Data required time: 42000.0
    (Clock shift: 60000.0, minus Uncertainty: 0.0, plus Latency 0.0, minus Out delay: 18000.0)
Data arrival time: 226.6
Slack: 41773.4
Logic depth: 0
------------------------------------------------------------------------------------------------------------------------------------------------------------
                                                     Arrival               Arc      Net               Net    Total   fan-                                   
Path                     Module/Cell           Edge     Time    Delay    Delay    Delay     Slew     Load     Load    out     Location Power Domain      (V)
                                                        (ps)     (ps)     (ps)     (ps)     (ps)     (ff)     (ff)    (#)      (um,um)                      
------------------------------------------------------------------------------------------------------------------------------------------------------------
clk                      {create_clock}           r      0.0      0.0      0.0                        0.0      0.0      2    71,    0                       
clk_gate_posv_reg/CK->GCK
                         CLKGATETST_X1           rr      0.0      0.0      0.0      0.0      0.0      0.0      0.0     21    64,   64  /PD_TOP        (1.10)
out_c_reg[63]/CK->Q      DFFR_X1*                rr    225.0    225.0    225.0      0.0      0.0    363.0    843.0     48    64,   64  /PD_TOP        (1.10)
out_c[63]                                         r    226.6      1.6               1.6     15.3                             76,    0                       
------------------------------------------------------------------------------------------------------------------------------------------------------------
