Report End Points: 
-----+-------+------+-------+-------+------+-----+-------+-----------+----------------
     |Group  |Launch|Capture|Shift  |Delay |Depth|Slack  |Begin Point|End Point       
-----+-------+------+-------+-------+------+-----+-------+-----------+----------------
1    |default|sysclk|sysclk |60000.0|2644.6|   68|57193.9|z_reg[0]/Q |clk_gate_z_reg/E
2    |default|sysclk|sysclk |60000.0|1509.5|   39|58276.8|i_reg[0]/Q |state_reg[0]/D  
3    |default|sysclk|sysclk |60000.0|1273.2|   33|58521.0|i_reg[0]/Q |i_reg[31]/D     
-----+-------+------+-------+-------+------+-----+-------+-----------+----------------
Report End Points: 
-----+-----+--------------+-------+-------+------+-----+-------+-----------+----------------
     |Group|Launch        |Capture|Shift  |Delay |Depth|Slack  |Begin Point|End Point       
-----+-----+--------------+-------+-------+------+-----+-------+-----------+----------------
1    |I2R  |rtDefaultClock|sysclk |60000.0|2747.2|   68|56467.0|in_b[1]    |clk_gate_z_reg/E
2    |I2R  |rtDefaultClock|sysclk |60000.0|1983.8|   47|57272.6|in_a[1]    |z_reg[0]/D      
3    |I2R  |rtDefaultClock|sysclk |60000.0|  74.4|    2|59185.9|enbl       |state_reg[0]/D  
-----+-----+--------------+-------+-------+------+-----+-------+-----------+----------------
Report End Points: 
-----+-----+--------------+-------+-------+-----+-----+-------+-----------+---------
     |Group|Launch        |Capture|Shift  |Delay|Depth|Slack  |Begin Point|End Point
-----+-----+--------------+-------+-------+-----+-----+-------+-----------+---------
1    |I2O  |rtDefaultClock|vsysclk|60000.0|676.2|   12|40623.8|in_a[15]   |posv     
2    |I2O  |rtDefaultClock|vsysclk|60000.0|657.7|   13|40642.3|in_a[15]   |zero     
3    |I2O  |rtDefaultClock|vsysclk|60000.0|346.8|    6|40953.2|in_b[48]   |err      
-----+-----+--------------+-------+-------+-----+-----+-------+-----------+---------
Report End Points: 
-----+-----+------+-------+-------+------+-----+-------+-----------+---------
     |Group|Launch|Capture|Shift  |Delay |Depth|Slack  |Begin Point|End Point
-----+-----+------+-------+-------+------+-----+-------+-----------+---------
1    |R2O  |sysclk|vsysclk|60000.0|1996.9|   47|39829.1|i_reg[0]/Q |posv     
2    |R2O  |sysclk|vsysclk|60000.0|1978.4|   48|39847.6|i_reg[0]/Q |zero     
3    |R2O  |sysclk|vsysclk|60000.0|1656.1|   39|40169.9|i_reg[0]/Q |out_c[40]
-----+-----+------+-------+-------+------+-----+-------+-----------+---------
