Report Physical info: 
------------------------+-------------+-----------+------------
                        |             |Area (squm)|Leakage (uW)
------------------------+-------------+-----------+------------
Design Name             |fpu_divider  |           |            
  Total Instances       |         1742|       2021|      46.666
    Macros              |            0|          0|       0.000
    Pads                |            0|          0|       0.000
    Phys                |            0|          0|       0.000
    Blackboxes          |            0|          0|       0.000
    Cells               |         1742|       2021|      46.666
      Buffers           |            0|          0|       0.000
      Inverters         |          257|        137|       3.689
      Clock-Gates       |            1|          4|       0.059
      Combinational     |         1462|       1763|      41.021
      Latches           |            0|          0|       0.000
      FlipFlops         |           22|        117|       1.897
       Single-Bit FF    |           22|        117|       1.897
       Multi-Bit FF     |            0|          0|       0.000
       Clock-Gated      |           22|           |            
       Bits             |           22|        117|       1.897
         Load-Enabled   |            0|           |            
         Clock-Gated    |           22|           |            
  Tristate Pin Count    |            0|           |            
Physical Info           |Placed       |           |            
  Chip Size (mm x mm)   |0.118 x 0.118|      13932|            
  Fixed Cell Area       |             |          0|            
    Phys Only           |            0|          0|            
  Placeable Area        |             |       3326|            
  Movable Cell Area     |             |       2021|            
  Utilization (%)       |           60|           |            
  Chip Utilization (%)  |           60|           |            
  Total Wire Length (mm)|        6.845|           |            
  Longest Wire (mm)     |        0.236|           |            
  Average Wire (mm)     |        0.065|           |            
------------------------+-------------+-----------+------------
