Report for group default
------------------------------------------------------------------------------------------------------------------------------------------------------------
Startpoint: divide_by_zero_error_reg/Q
    (Clocked by sysclk R)
Endpoint: posv_flag_reg/D
    (Clocked by sysclk R)
Path Group: default
Data required time: 59960.6
    (Clock shift: 60000.0, minus Uncertainty: 0.0, plus Latency 0.0, minus Setup time: 39.4)
Data arrival time: 300.7
Slack: 59659.9
Logic depth: 6
------------------------------------------------------------------------------------------------------------------------------------------------------------
                                                     Arrival               Arc      Net               Net    Total   fan-                                   
Path                     Module/Cell           Edge     Time    Delay    Delay    Delay     Slew     Load     Load    out     Location Power Domain      (V)
                                                        (ps)     (ps)     (ps)     (ps)     (ps)     (ff)     (ff)    (#)      (um,um)                      
------------------------------------------------------------------------------------------------------------------------------------------------------------
clk                      {create_clock}           r      0.0      0.0      0.0                        0.0      0.0      1     0,   69                       
clk_gate_divide_by_zero_error_reg/CK->GCK
                         CLKGATETST_X1           rr      0.0      0.0      0.0      0.0      0.0      0.0      0.0     22    59,   59  /PD_TOP        (1.10)
divide_by_zero_error_reg/CK->Q
                         DFFR_X1                 rf     94.0     94.0     94.0      0.0      0.0      1.5      7.5      2    59,   59  /PD_TOP        (1.10)
i_0_2_886/A->ZN          AOI21_X4                fr    162.5     68.5     68.5      0.0     12.3      0.6     26.1      1    59,   59  /PD_TOP        (1.10)
i_0_2_885/A->ZN          INV_X8                  rf    170.1      7.6      7.6      0.0     47.2      1.4      6.7      2    59,   59  /PD_TOP        (1.10)
i_0_2_771/A2->ZN         NOR2_X4*                fr    227.8     57.7     57.7      0.0      3.7      1.3     31.0      2    59,   59  /PD_TOP        (1.10)
i_0_2_270/A2->ZN         NAND3_X4                rf    250.5     22.7     22.7      0.0     15.3      0.7      4.9      1    59,   59  /PD_TOP        (1.10)
i_0_2_271/A1->ZN         NOR3_X4                 fr    290.5     40.0     40.0      0.0     11.2      1.5      6.8      2    59,   59  /PD_TOP        (1.10)
i_0_2_272/A1->ZN         NOR3_X2                 rf    300.7     10.2     10.2      0.0     32.1      0.8      1.9      1    59,   59  /PD_TOP        (1.10)
posv_flag_reg/D          DFFR_X1                  f    300.7      0.0               0.0      5.8                             59,   59  /PD_TOP        (1.10)
------------------------------------------------------------------------------------------------------------------------------------------------------------
Report for group I2R
------------------------------------------------------------------------------------------------------------------------------------------------------------
Startpoint: in_b[1]
    (Clocked by rtDefaultClock R)
Endpoint: posv_flag_reg/D
    (Clocked by sysclk R)
Path Group: I2R
Data required time: 59960.6
    (Clock shift: 60000.0, minus Uncertainty: 0.0, plus Latency 0.0, minus Setup time: 39.4)
Data arrival time: 17710.7
Slack: 42249.9
Logic depth: 500
------------------------------------------------------------------------------------------------------------------------------------------------------------
                                                     Arrival               Arc      Net               Net    Total   fan-                                   
Path                     Module/Cell           Edge     Time    Delay    Delay    Delay     Slew     Load     Load    out     Location Power Domain      (V)
                                                        (ps)     (ps)     (ps)     (ps)     (ps)     (ff)     (ff)    (#)      (um,um)                      
------------------------------------------------------------------------------------------------------------------------------------------------------------
in_b[1]                  {set_input_delay}        f    700.0    700.0    700.0                       10.8     28.2      5     0,   62                       
i_0_1/i_42/A2->ZN        OR3_X4                  ff    805.8    104.7    104.7      0.0    100.0      1.9      9.6      3    59,   59  /PD_TOP        (1.10)
i_0_1/i_41/A1->ZN        OR2_X4                  ff    849.7     43.9     43.9      0.0     13.4      1.2      6.8      2    59,   59  /PD_TOP        (1.10)
i_0_1/i_40/A1->ZN        OR2_X4                  ff    894.4     44.7     44.7      0.0      9.0      2.0     11.6      3    59,   59  /PD_TOP        (1.10)
i_0_1/i_39/A1->ZN        OR3_X4                  ff    955.6     61.2     61.2      0.0     10.3      1.9      9.6      3    59,   59  /PD_TOP        (1.10)
i_0_1/i_38/A1->ZN        OR2_X4                  ff   1002.2     46.6     46.6      0.0     13.4      2.0     11.6      3    59,   59  /PD_TOP        (1.10)
i_0_1/i_37/A1->ZN        OR3_X4                  ff   1064.8     62.6     62.6      0.0     10.3      1.9     11.7      3    59,   59  /PD_TOP        (1.10)
i_0_1/i_36/A1->ZN        NOR2_X4                 fr   1095.7     30.9     30.9      0.0     14.0      1.2      8.7      2    59,   59  /PD_TOP        (1.10)
i_0_1/i_35/A1->ZN        NAND2_X4                rf   1112.8     17.1     17.1      0.0     20.5      1.2      6.8      2    59,   59  /PD_TOP        (1.10)
i_0_1/i_34/A1->ZN        OR2_X4                  ff   1158.3     45.5     45.5      0.0      8.0      1.9     13.7      3    59,   59  /PD_TOP        (1.10)
i_0_1/i_32/A1->ZN        NOR3_X4                 fr   1202.1     43.8     43.8      0.0     10.8      1.3      8.8      2    59,   59  /PD_TOP        (1.10)
i_0_1/i_31/A1->ZN        NAND2_X4                rf   1221.6     19.5     19.5      0.0     35.7      1.2      6.8      2    59,   59  /PD_TOP        (1.10)
i_0_1/i_30/A1->ZN        OR2_X4                  ff   1267.1     45.5     45.5      0.0      8.0      1.9     13.7      3    59,   59  /PD_TOP        (1.10)
i_0_1/i_28/A1->ZN        NOR3_X4                 fr   1310.9     43.8     43.8      0.0     10.8      1.3      8.8      2    59,   59  /PD_TOP        (1.10)
i_0_1/i_27/A1->ZN        NAND2_X4                rf   1336.1     25.2     25.2      0.0     35.7      1.9     13.7      3    59,   59  /PD_TOP        (1.10)
i_0_1/i_22/B->Z          XOR2_X2                 ff   1395.4     59.3     59.3      0.0     10.7      0.7      4.8      1    59,   59  /PD_TOP        (1.10)
i_0_2_1498/B2->ZN        OAI22_X4*               fr   1490.0     95.7     94.6      1.1     12.9      5.9     77.1      8    59,   59  /PD_TOP        (1.10)
i_0_2_1497/A->ZN         INV_X8                  rf   1499.6      9.6      9.4      0.2     15.3      1.8     12.4      3    59,   59  /PD_TOP        (1.10)
i_0_2_1494/A1->ZN        NOR2_X4                 fr   1526.6     27.0     27.0      0.0      4.4      1.2      8.7      2    59,   59  /PD_TOP        (1.10)
i_0_2_1491/A1->ZN        NAND2_X4*               rf   1558.1     31.5     31.5      0.0     20.6      1.4     30.6      2    59,   59  /PD_TOP        (1.10)
i_0_2_1490/A->ZN         INV_X8                  fr   1572.6     14.5     14.5      0.0     15.3      1.4      8.9      2    59,   59  /PD_TOP        (1.10)
i_0_2_1487/A1->ZN        NAND2_X4*               rf   1598.7     26.1     26.1      0.0      6.4      1.2     30.8      2    59,   59  /PD_TOP        (1.10)
i_0_2_1486/A->ZN         INV_X8                  fr   1612.4     13.7     13.7      0.0     15.3      1.2      7.2      2    59,   59  /PD_TOP        (1.10)
i_0_2_1480/A1->ZN        AND2_X4                 rr   1642.8     30.4     30.4      0.0      6.0      1.3      9.5      2    59,   59  /PD_TOP        (1.10)
i_0_2_1472/A3->ZN        NAND3_X4                rf   1667.3     24.5     24.5      0.0     10.5      1.5      8.4      2    59,   59  /PD_TOP        (1.10)
i_0_2_1469/A1->ZN        NOR2_X4*                fr   1723.7     56.4     56.4      0.0     13.3      1.2     30.4      2    59,   59  /PD_TOP        (1.10)
i_0_2_1465/A1->ZN        NAND2_X4                rf   1739.2     15.5     15.5      0.0     15.3      1.4      6.2      2    59,   59  /PD_TOP        (1.10)
i_0_2_1464/A2->ZN        OR2_X4                  ff   1788.6     49.4     49.4      0.0      7.7      2.1     12.3      3    59,   59  /PD_TOP        (1.10)
i_0_2_1459/A1->ZN        OR3_X4                  ff   1849.8     61.2     61.2      0.0     10.4      1.4      9.5      2    59,   59  /PD_TOP        (1.10)
i_0_2_1456/A1->ZN        NOR2_X4                 fr   1884.6     34.8     34.8      0.0     13.4      2.0     11.9      3    59,   59  /PD_TOP        (1.10)
i_0_2_1453/A1->ZN        NAND2_X4                rf   1904.1     19.5     19.5      0.0     24.2      1.3      9.4      2    59,   59  /PD_TOP        (1.10)
i_0_2_1450/A1->ZN        NOR2_X4                 fr   1933.3     29.2     29.2      0.0      9.0      1.3      9.0      2    59,   59  /PD_TOP        (1.10)
i_0_2_1447/A1->ZN        NAND2_X4                rf   1950.8     17.5     17.5      0.0     20.8      1.3      7.5      2    59,   59  /PD_TOP        (1.10)
i_0_2_1444/A1->ZN        OR2_X4                  ff   1996.5     45.7     45.7      0.0      8.2      2.0     14.1      3    59,   59  /PD_TOP        (1.10)
i_0_2_1441/A1->ZN        NOR2_X4*                fr   2052.0     55.5     55.5      0.0     10.9      1.2     30.4      2    59,   59  /PD_TOP        (1.10)
i_0_2_1437/A1->ZN        NAND2_X4                rf   2072.3     20.3     20.3      0.0     15.3      1.9     14.3      3    59,   59  /PD_TOP        (1.10)
i_0_2_1432/A1->ZN        NOR2_X4                 fr   2101.1     28.8     28.8      0.0     10.9      1.4      8.1      2    59,   59  /PD_TOP        (1.10)
i_0_2_1405/B2->ZN        AOI21_X4*               rf   2133.9     32.8     32.8      0.0     19.8      1.4     30.8      2    59,   59  /PD_TOP        (1.10)
i_0_2_1397/B1->ZN        OAI21_X4                fr   2190.9     57.0     57.0      0.0     15.3      0.6     26.1      1    59,   59  /PD_TOP        (1.10)
i_0_2_1396/A->ZN         INV_X8                  rf   2199.4      8.5      8.5      0.0     43.7      1.4      8.0      2    59,   59  /PD_TOP        (1.10)
i_0_2_1395/B2->ZN        AOI21_X4                fr   2232.1     32.7     32.7      0.0      3.9      1.5      7.0      2    59,   59  /PD_TOP        (1.10)
i_0_2_1390/C1->ZN        AOI221_X2               rf   2259.9     27.8     27.8      0.0     24.8      1.6      9.6      2    59,   59  /PD_TOP        (1.10)
i_0_2_1380/A2->ZN        NOR3_X4                 fr   2331.7     71.8     71.8      0.0     20.8      2.2     14.7      3    59,   59  /PD_TOP        (1.10)
i_0_2_1379/A2->ZN        NAND2_X4                rf   2350.8     19.1     19.1      0.0     46.2      0.6      4.3      1    59,   59  /PD_TOP        (1.10)
i_0_2_1378/B->ZN         XNOR2_X2                ff   2393.4     42.6     42.6      0.0      7.0      1.4      8.6      2    59,   59  /PD_TOP        (1.10)
i_0_2_1377/B2->ZN        AOI22_X4                fr   2446.6     53.2     53.2      0.0     15.0      1.4      7.5      2    59,   59  /PD_TOP        (1.10)
i_0_2_1376/A2->ZN        OR2_X4                  rr   2477.4     30.8     30.8      0.0     28.7      1.5      7.5      2    59,   59  /PD_TOP        (1.10)
i_0_2_1371/A1->ZN        AOI22_X4                rf   2491.3     13.9     13.9      0.0      8.4      0.8      5.0      1    59,   59  /PD_TOP        (1.10)
i_0_2_1370/B2->ZN        AOI21_X4                fr   2530.6     39.3     39.3      0.0     12.6      1.5      9.5      2    59,   59  /PD_TOP        (1.10)
i_0_2_1369/A->ZN         OAI21_X4                rf   2566.3     35.7     35.7      0.0     27.8      0.6     26.1      1    59,   59  /PD_TOP        (1.10)
i_0_2_1368/A->ZN         INV_X8                  fr   2585.7     19.4     19.4      0.0     18.8      2.8     17.3      4    59,   59  /PD_TOP        (1.10)
i_0_2_1367/A2->ZN        NAND2_X4                rf   2599.1     13.4     13.3      0.1      8.5      0.6      4.3      1    59,   59  /PD_TOP        (1.10)
i_0_2_1366/B->ZN         XNOR2_X2                fr   2646.8     47.7     47.7      0.0      7.0      1.3      8.6      2    59,   59  /PD_TOP        (1.10)
i_0_2_1364/B2->ZN        AOI21_X4                rf   2672.9     26.1     26.1      0.0     33.3      2.1     14.2      3    59,   59  /PD_TOP        (1.10)
i_0_2_1363/A2->ZN        NOR2_X4                 fr   2702.5     29.6     29.6      0.0     11.7      0.7      4.7      1    59,   59  /PD_TOP        (1.10)
i_0_2_1359/B1->ZN        OAI21_X4                rf   2723.3     20.8     20.8      0.0     15.9      2.1     12.5      3    59,   59  /PD_TOP        (1.10)
i_0_2_1358/A2->ZN        OR2_X4                  ff   2773.2     49.9     49.9      0.0     12.8      1.5      9.2      2    59,   59  /PD_TOP        (1.10)
i_0_2_1354/B1->ZN        AOI22_X4                fr   2821.6     48.4     48.4      0.0      9.6      1.6      9.7      2    59,   59  /PD_TOP        (1.10)
i_0_2_1348/B2->ZN        OAI22_X4                rf   2849.3     27.7     27.7      0.0     31.3      0.7      4.7      1    59,   59  /PD_TOP        (1.10)
i_0_2_1347/A2->ZN        NAND2_X4*               fr   2883.6     34.3     34.3      0.0     11.1      1.3     30.6      2    59,   59  /PD_TOP        (1.10)
i_0_2_1346/A->ZN         INV_X8                  rf   2894.8     11.2     11.2      0.0     15.3      2.9     19.2      4    59,   59  /PD_TOP        (1.10)
i_0_2_1345/A2->ZN        NAND2_X4                fr   2909.6     14.8     14.7      0.1      5.1      0.6      4.3      1    59,   59  /PD_TOP        (1.10)
i_0_2_1344/B->ZN         XNOR2_X2                rr   2954.6     45.0     45.0      0.0      9.5      1.3      8.6      2    59,   59  /PD_TOP        (1.10)
i_0_2_1341/B2->ZN        AOI21_X4                rf   2979.8     25.2     25.2      0.0     33.3      2.1     12.7      3    59,   59  /PD_TOP        (1.10)
i_0_2_1339/A2->ZN        NOR2_X4                 fr   3013.0     33.2     33.2      0.0     11.1      1.4      7.7      2    59,   59  /PD_TOP        (1.10)
i_0_2_1336/A->ZN         AOI21_X4                rf   3032.0     19.0     19.0      0.0     19.3      2.1     12.5      3    59,   59  /PD_TOP        (1.10)
i_0_2_1334/A2->ZN        OR2_X4                  ff   3081.3     49.3     49.3      0.0     11.0      1.5      9.6      2    59,   59  /PD_TOP        (1.10)
i_0_2_1331/B1->ZN        AOI22_X4                fr   3126.9     45.6     45.6      0.0      9.7      1.4      7.5      2    59,   59  /PD_TOP        (1.10)
i_0_2_1330/A2->ZN        OR2_X4                  rr   3158.6     31.7     31.7      0.0     28.7      1.3      9.0      2    59,   59  /PD_TOP        (1.10)
i_0_2_1326/A1->ZN        NAND2_X4                rf   3170.9     12.3     12.3      0.0      9.2      0.6      4.5      1    59,   59  /PD_TOP        (1.10)
i_0_2_1325/A2->ZN        NAND2_X4                fr   3189.7     18.8     18.8      0.0      7.1      1.3      9.3      2    59,   59  /PD_TOP        (1.10)
i_0_2_1324/B2->ZN        OAI21_X4                rf   3209.5     19.8     19.8      0.0     12.1      1.4      9.2      2    59,   59  /PD_TOP        (1.10)
i_0_2_1319/A->ZN         AOI21_X4*               fr   3289.4     79.9     79.9      0.0     11.4      3.6     46.1      5    59,   59  /PD_TOP        (1.10)
i_0_2_1318/A->ZN         INV_X8                  rf   3297.5      8.1      8.0      0.1     15.3      1.3      8.0      2    59,   59  /PD_TOP        (1.10)
i_0_2_1317/A2->ZN        NOR2_X4                 fr   3323.3     25.8     25.8      0.0      3.9      0.6      4.3      1    59,   59  /PD_TOP        (1.10)
i_0_2_1316/B->ZN         XNOR2_X2                rf   3349.1     25.8     25.8      0.0     15.5      1.4      8.9      2    59,   59  /PD_TOP        (1.10)
i_0_2_1315/A2->ZN        AOI22_X4                fr   3398.6     49.5     49.5      0.0     15.3      2.2     12.6      3    59,   59  /PD_TOP        (1.10)
i_0_2_1314/A2->ZN        OR2_X4                  rr   3431.8     33.2     33.2      0.0     34.7      1.5      9.2      2    59,   59  /PD_TOP        (1.10)
i_0_2_1310/B1->ZN        AOI22_X4                rf   3455.5     23.7     23.7      0.0      9.3      2.2     12.6      3    59,   59  /PD_TOP        (1.10)
i_0_2_1309/A2->ZN        OR2_X4                  ff   3506.7     51.2     51.2      0.0     16.0      1.5      9.2      2    59,   59  /PD_TOP        (1.10)
i_0_2_1305/B1->ZN        AOI22_X4                fr   3561.1     54.4     54.4      0.0      9.6      2.2     14.3      3    59,   59  /PD_TOP        (1.10)
i_0_2_1304/A2->ZN        NOR2_X4                 rf   3575.4     14.3     14.3      0.0     36.7      0.7      4.7      1    59,   59  /PD_TOP        (1.10)
i_0_2_1300/B1->ZN        OAI21_X4                fr   3611.3     35.9     35.9      0.0      5.7      2.1     12.5      3    59,   59  /PD_TOP        (1.10)
i_0_2_1298/A2->ZN        OR2_X4                  rr   3643.2     31.9     31.9      0.0     27.9      1.5      9.6      2    59,   59  /PD_TOP        (1.10)
i_0_2_1295/B1->ZN        AOI22_X4                rf   3665.4     22.2     22.2      0.0      9.5      1.5      9.8      2    59,   59  /PD_TOP        (1.10)
i_0_2_1293/B2->ZN        AOI21_X4                fr   3707.5     42.1     42.1      0.0     14.7      2.2     11.0      3    59,   59  /PD_TOP        (1.10)
i_0_2_1292/A2->ZN        AND2_X4                 rr   3760.4     52.9     52.9      0.0     29.5      5.2     33.1      7    59,   59  /PD_TOP        (1.10)
i_0_2_1291/A2->ZN        NAND2_X4                rf   3777.0     16.6     16.5      0.1     23.3      0.6      4.3      1    59,   59  /PD_TOP        (1.10)
i_0_2_1290/B->ZN         XNOR2_X2                ff   3819.8     42.8     42.8      0.0      7.0      1.4      8.7      2    59,   59  /PD_TOP        (1.10)
i_0_2_1289/A2->ZN        AOI22_X4                fr   3869.2     49.4     49.4      0.0     15.1      2.2     12.6      3    59,   59  /PD_TOP        (1.10)
i_0_2_1288/A2->ZN        OR2_X4                  rr   3902.4     33.2     33.2      0.0     34.7      1.5      9.2      2    59,   59  /PD_TOP        (1.10)
i_0_2_1284/B1->ZN        AOI22_X4                rf   3926.1     23.7     23.7      0.0      9.3      2.2     12.6      3    59,   59  /PD_TOP        (1.10)
i_0_2_1283/A2->ZN        OR2_X4                  ff   3976.2     50.1     50.1      0.0     16.0      1.5      7.3      2    59,   59  /PD_TOP        (1.10)
i_0_2_1279/B1->ZN        AOI22_X4                fr   4028.1     51.9     51.9      0.0      9.1      2.2     12.6      3    59,   59  /PD_TOP        (1.10)
i_0_2_1278/A2->ZN        OR2_X4                  rr   4060.1     32.0     32.0      0.0     34.7      1.5      7.3      2    59,   59  /PD_TOP        (1.10)
i_0_2_1274/B1->ZN        AOI22_X4                rf   4083.4     23.3     23.3      0.0      8.3      2.2     12.6      3    59,   59  /PD_TOP        (1.10)
i_0_2_1272/A2->ZN        OR2_X4                  ff   4134.8     51.4     51.4      0.0     16.0      1.5      9.6      2    59,   59  /PD_TOP        (1.10)
i_0_2_1269/B1->ZN        AOI22_X4                fr   4180.4     45.6     45.6      0.0      9.7      1.4      7.5      2    59,   59  /PD_TOP        (1.10)
i_0_2_1268/A2->ZN        OR2_X4                  rr   4211.2     30.8     30.8      0.0     28.7      1.5      7.5      2    59,   59  /PD_TOP        (1.10)
i_0_2_1262/A1->ZN        AOI22_X4                rf   4224.9     13.7     13.7      0.0      8.4      0.7      4.7      1    59,   59  /PD_TOP        (1.10)
i_0_2_1261/A2->ZN        NAND2_X4                fr   4245.7     20.8     20.8      0.0     12.5      1.4      7.9      2    59,   59  /PD_TOP        (1.10)
i_0_2_1260/A2->ZN        NAND2_X4                rf   4260.0     14.3     14.3      0.0     11.4      0.7      4.6      1    59,   59  /PD_TOP        (1.10)
i_0_2_1259/A->ZN         AOI21_X4*               fr   4330.7     70.7     70.7      0.0      7.1      5.7     31.6      8    59,   59  /PD_TOP        (1.10)
i_0_2_1255/A2->ZN        NAND2_X4                rf   4345.9     15.2     15.1      0.1     15.3      0.6      4.3      1    59,   59  /PD_TOP        (1.10)
i_0_2_1254/B->ZN         XNOR2_X2                ff   4388.5     42.6     42.6      0.0      7.0      1.3      8.6      2    59,   59  /PD_TOP        (1.10)
i_0_2_1252/B2->ZN        AOI21_X4                fr   4428.6     40.1     40.1      0.0     15.0      1.3      9.4      2    59,   59  /PD_TOP        (1.10)
i_0_2_1250/A2->ZN        NOR2_X4*                rf   4455.0     26.4     26.4      0.0     27.6      1.3     30.6      2    59,   59  /PD_TOP        (1.10)
i_0_2_1246/A->ZN         AOI21_X4                fr   4507.3     52.3     52.3      0.0     15.3      2.1     12.5      3    59,   59  /PD_TOP        (1.10)
i_0_2_1244/A2->ZN        OR2_X4                  rr   4540.0     32.7     32.7      0.0     31.2      1.5      9.6      2    59,   59  /PD_TOP        (1.10)
i_0_2_1241/B1->ZN        AOI22_X4                rf   4564.7     24.7     24.7      0.0      9.5      2.2     14.3      3    59,   59  /PD_TOP        (1.10)
i_0_2_1239/A2->ZN        NOR2_X4                 fr   4596.2     31.5     31.5      0.0     16.7      0.7      4.6      1    59,   59  /PD_TOP        (1.10)
i_0_2_1236/A->ZN         AOI21_X4                rf   4614.6     18.4     18.4      0.0     15.7      2.1     14.2      3    59,   59  /PD_TOP        (1.10)
i_0_2_1234/A2->ZN        NOR2_X4                 fr   4644.0     29.4     29.4      0.0     11.7      0.7      4.6      1    59,   59  /PD_TOP        (1.10)
i_0_2_1231/A->ZN         AOI21_X4                rf   4660.7     16.7     16.7      0.0     15.7      1.3      9.4      2    59,   59  /PD_TOP        (1.10)
i_0_2_1229/A2->ZN        NOR2_X4*                fr   4720.7     60.0     60.0      0.0      9.7      1.3     30.6      2    59,   59  /PD_TOP        (1.10)
i_0_2_1225/A->ZN         AOI21_X4                rf   4736.5     15.8     15.8      0.0     15.3      1.3      7.4      2    59,   59  /PD_TOP        (1.10)
i_0_2_1221/A2->ZN        OR2_X4                  ff   4785.0     48.5     48.5      0.0      9.0      1.4      9.7      2    59,   59  /PD_TOP        (1.10)
i_0_2_1216/B1->ZN        AOI21_X4                fr   4839.5     54.5     54.5      0.0      9.7      0.6     26.1      1    59,   59  /PD_TOP        (1.10)
i_0_2_1215/A->ZN         INV_X8                  rf   4848.3      8.8      8.8      0.0     47.2      1.3      9.1      2    59,   59  /PD_TOP        (1.10)
i_0_2_1214/A->ZN         AOI21_X4*               fr   4921.4     73.1     73.1      0.0      4.0      6.7     38.5      9    59,   59  /PD_TOP        (1.10)
i_0_2_1208/A2->ZN        NAND2_X4                rf   4936.7     15.3     15.1      0.2     15.3      0.6      4.3      1    59,   59  /PD_TOP        (1.10)
i_0_2_1207/B->ZN         XNOR2_X2                fr   4984.4     47.7     47.7      0.0      7.0      1.3      8.6      2    59,   59  /PD_TOP        (1.10)
i_0_2_1204/B2->ZN        AOI21_X4                rf   5009.9     25.5     25.5      0.0     33.3      2.3     13.2      3    59,   59  /PD_TOP        (1.10)
i_0_2_1203/A2->ZN        NOR2_X4*                fr   5069.6     59.7     59.7      0.0     11.3      1.3     29.1      2    59,   59  /PD_TOP        (1.10)
i_0_2_1202/A->ZN         INV_X8                  rf   5076.6      7.0      7.0      0.0     15.3      0.7      4.5      1    59,   59  /PD_TOP        (1.10)
i_0_2_1199/B1->ZN        AOI22_X4                fr   5127.0     50.4     50.4      0.0      3.5      2.3     13.3      3    59,   59  /PD_TOP        (1.10)
i_0_2_1198/A2->ZN        NOR2_X4*                rf   5154.7     27.7     27.7      0.0     35.6      1.3     29.1      2    59,   59  /PD_TOP        (1.10)
i_0_2_1197/A->ZN         INV_X8                  fr   5167.3     12.6     12.6      0.0     15.3      0.7      4.5      1    59,   59  /PD_TOP        (1.10)
i_0_2_1194/B1->ZN        AOI22_X4                rf   5189.8     22.5     22.5      0.0      5.4      2.3     13.3      3    59,   59  /PD_TOP        (1.10)
i_0_2_1193/A2->ZN        NOR2_X4*                fr   5251.6     61.8     61.8      0.0     16.3      1.3     29.1      2    59,   59  /PD_TOP        (1.10)
i_0_2_1192/A->ZN         INV_X8                  rf   5258.6      7.0      7.0      0.0     15.3      0.7      4.5      1    59,   59  /PD_TOP        (1.10)
i_0_2_1189/B1->ZN        AOI22_X4                fr   5308.1     49.5     49.5      0.0      3.5      2.2     12.6      3    59,   59  /PD_TOP        (1.10)
i_0_2_1187/A2->ZN        OR2_X4                  rr   5341.6     33.5     33.5      0.0     34.7      1.5      9.6      2    59,   59  /PD_TOP        (1.10)
i_0_2_1184/B1->ZN        AOI22_X4                rf   5365.5     23.9     23.9      0.0      9.5      2.2     12.8      3    59,   59  /PD_TOP        (1.10)
i_0_2_1183/A2->ZN        NOR2_X4                 fr   5401.0     35.5     35.5      0.0     16.1      1.4      7.8      2    59,   59  /PD_TOP        (1.10)
i_0_2_1179/B1->ZN        OAI21_X4                rf   5422.9     21.9     21.9      0.0     19.5      2.1     12.5      3    59,   59  /PD_TOP        (1.10)
i_0_2_1178/A2->ZN        OR2_X4                  ff   5472.8     49.9     49.9      0.0     12.8      1.5      9.2      2    59,   59  /PD_TOP        (1.10)
i_0_2_1174/B1->ZN        AOI22_X4                fr   5522.6     49.8     49.8      0.0      9.6      2.3     10.8      3    59,   59  /PD_TOP        (1.10)
i_0_2_1173/A2->ZN        OR2_X4                  rr   5554.5     31.9     31.9      0.0     32.6      1.5      7.8      2    59,   59  /PD_TOP        (1.10)
i_0_2_1167/C1->ZN        AOI221_X2               rf   5571.3     16.8     16.8      0.0      8.6      0.8      4.7      1    59,   59  /PD_TOP        (1.10)
i_0_2_1166/A3->ZN        NOR3_X4                 fr   5636.1     64.8     64.8      0.0     16.3      1.5      9.6      2    59,   59  /PD_TOP        (1.10)
i_0_2_1165/A->ZN         OAI21_X4*               rf   5684.8     48.7     48.7      0.0     37.1      4.5     44.3      6    59,   59  /PD_TOP        (1.10)
i_0_2_1146/B->ZN         AOI211_X2               fr   5758.1     73.3     73.2      0.1     15.3      0.7      4.4      1    59,   59  /PD_TOP        (1.10)
i_0_2_1145/B->ZN         XNOR2_X2*               rr   5838.6     80.5     80.5      0.0     43.9      2.2     35.8      3    59,   59  /PD_TOP        (1.10)
i_0_2_1143/B2->ZN        AOI22_X4                rf   5863.0     24.4     24.4      0.0     15.3      1.5      8.5      2    59,   59  /PD_TOP        (1.10)
i_0_2_1129/B1->ZN        AOI22_X4                fr   5912.0     49.0     49.0      0.0     14.1      1.5      8.7      2    59,   59  /PD_TOP        (1.10)
i_0_2_1127/B1->ZN        AOI22_X4                rf   5941.2     29.2     29.2      0.0     30.1      1.5      9.1      2    59,   59  /PD_TOP        (1.10)
i_0_2_1126/B2->ZN        AOI22_X4*               fr   6021.7     80.5     80.5      0.0     14.4      1.4     30.3      2    59,   59  /PD_TOP        (1.10)
i_0_2_1125/A->ZN         INV_X8                  rf   6028.8      7.1      7.1      0.0     15.3      0.7      4.8      1    59,   59  /PD_TOP        (1.10)
i_0_2_1124/B2->ZN        AOI22_X4                fr   6078.2     49.4     49.4      0.0      3.5      1.5      8.8      2    59,   59  /PD_TOP        (1.10)
i_0_2_1123/B2->ZN        AOI22_X4                rf   6107.0     28.8     28.8      0.0     30.2      1.5      9.1      2    59,   59  /PD_TOP        (1.10)
i_0_2_1122/B2->ZN        AOI22_X4                fr   6166.5     59.5     59.5      0.0     14.4      2.2     12.6      3    59,   59  /PD_TOP        (1.10)
i_0_2_1120/A2->ZN        OR2_X4                  rr   6200.0     33.5     33.5      0.0     34.7      1.5      9.6      2    59,   59  /PD_TOP        (1.10)
i_0_2_1117/B1->ZN        AOI22_X4                rf   6222.2     22.2     22.2      0.0      9.5      1.5      9.8      2    59,   59  /PD_TOP        (1.10)
i_0_2_1113/B2->ZN        AOI21_X4                fr   6262.3     40.1     40.1      0.0     14.7      1.4      9.5      2    59,   59  /PD_TOP        (1.10)
i_0_2_1112/A2->ZN        NAND2_X4*               rf   6307.8     45.5     45.5      0.0     27.8      5.3     56.1      7    59,   59  /PD_TOP        (1.10)
i_0_2_1111/A->ZN         INV_X32                 fr   6326.2     18.4     18.3      0.1     15.3      8.3     52.2     11    59,   59  /PD_TOP        (1.10)
i_0_2_1104/A2->ZN        NAND2_X4                rf   6339.7     13.5     13.3      0.2      9.0      0.6      4.1      1    59,   59  /PD_TOP        (1.10)
i_0_2_1103/B->Z          XOR2_X2                 ff   6400.9     61.2     61.2      0.0      6.9      1.4      8.8      2    59,   59  /PD_TOP        (1.10)
i_0_2_1102/B2->ZN        AOI22_X4                fr   6461.6     60.7     60.7      0.0     15.0      2.3     13.3      3    59,   59  /PD_TOP        (1.10)
i_0_2_1101/A2->ZN        NOR2_X4*                rf   6489.3     27.7     27.7      0.0     35.6      1.3     29.1      2    59,   59  /PD_TOP        (1.10)
i_0_2_1100/A->ZN         INV_X8                  fr   6501.9     12.6     12.6      0.0     15.3      0.7      4.5      1    59,   59  /PD_TOP        (1.10)
i_0_2_1097/B1->ZN        AOI22_X4                rf   6525.0     23.1     23.1      0.0      5.4      2.2     14.3      3    59,   59  /PD_TOP        (1.10)
i_0_2_1095/A2->ZN        NOR2_X4                 fr   6556.5     31.5     31.5      0.0     16.7      0.7      4.6      1    59,   59  /PD_TOP        (1.10)
i_0_2_1092/A->ZN         AOI21_X4                rf   6574.3     17.8     17.8      0.0     15.7      2.1     12.5      3    59,   59  /PD_TOP        (1.10)
i_0_2_1091/A2->ZN        OR2_X4                  ff   6623.4     49.1     49.1      0.0     11.0      1.5      9.2      2    59,   59  /PD_TOP        (1.10)
i_0_2_1087/B1->ZN        AOI22_X4                fr   6677.8     54.4     54.4      0.0      9.6      2.2     14.3      3    59,   59  /PD_TOP        (1.10)
i_0_2_1085/A2->ZN        NOR2_X4                 rf   6692.0     14.2     14.2      0.0     36.7      0.7      4.6      1    59,   59  /PD_TOP        (1.10)
i_0_2_1082/A->ZN         AOI21_X4                fr   6740.0     48.0     48.0      0.0      5.6      2.1     12.5      3    59,   59  /PD_TOP        (1.10)
i_0_2_1081/A2->ZN        OR2_X4                  rr   6772.4     32.4     32.4      0.0     31.2      1.5      9.2      2    59,   59  /PD_TOP        (1.10)
i_0_2_1077/B1->ZN        AOI22_X4                rf   6796.1     23.7     23.7      0.0      9.3      2.2     12.6      3    59,   59  /PD_TOP        (1.10)
i_0_2_1075/A2->ZN        OR2_X4                  ff   6847.5     51.4     51.4      0.0     16.0      1.5      9.6      2    59,   59  /PD_TOP        (1.10)
i_0_2_1072/B1->ZN        AOI22_X4                fr   6900.7     53.2     53.2      0.0      9.7      2.3     13.3      3    59,   59  /PD_TOP        (1.10)
i_0_2_1071/A2->ZN        NOR2_X4*                rf   6928.4     27.7     27.7      0.0     35.6      1.3     29.1      2    59,   59  /PD_TOP        (1.10)
i_0_2_1070/A->ZN         INV_X8                  fr   6941.0     12.6     12.6      0.0     15.3      0.7      4.5      1    59,   59  /PD_TOP        (1.10)
i_0_2_1065/B1->ZN        AOI22_X4                rf   6963.3     22.3     22.3      0.0      5.4      2.2     12.8      3    59,   59  /PD_TOP        (1.10)
i_0_2_1063/A2->ZN        NOR2_X4                 fr   6998.6     35.3     35.3      0.0     16.1      1.4      7.7      2    59,   59  /PD_TOP        (1.10)
i_0_2_1060/A->ZN         AOI21_X4                rf   7018.2     19.6     19.6      0.0     19.3      2.1     14.2      3    59,   59  /PD_TOP        (1.10)
i_0_2_1058/A2->ZN        NOR2_X4                 fr   7047.6     29.4     29.4      0.0     11.7      0.7      4.6      1    59,   59  /PD_TOP        (1.10)
i_0_2_1055/A->ZN         AOI21_X4                rf   7063.1     15.5     15.5      0.0     15.7      1.5      6.1      2    59,   59  /PD_TOP        (1.10)
i_0_2_1054/A2->ZN        OR2_X4                  ff   7110.4     47.3     47.3      0.0      8.5      1.5      7.9      2    59,   59  /PD_TOP        (1.10)
i_0_2_1051/C1->ZN        AOI221_X4*              fr   7234.1    123.7    123.7      0.0      9.3      7.6     71.1     10    59,   59  /PD_TOP        (1.10)
i_0_2_1041/A2->ZN        NAND2_X4                rf   7249.4     15.3     15.1      0.2     15.3      0.6      4.3      1    59,   59  /PD_TOP        (1.10)
i_0_2_1040/B->ZN         XNOR2_X2                ff   7292.0     42.6     42.6      0.0      7.0      1.3      8.6      2    59,   59  /PD_TOP        (1.10)
i_0_2_1039/B2->ZN        AOI21_X4                fr   7336.1     44.1     44.1      0.0     15.0      2.1     12.5      3    59,   59  /PD_TOP        (1.10)
i_0_2_1038/A2->ZN        OR2_X4                  rr   7368.5     32.4     32.4      0.0     31.2      1.5      9.2      2    59,   59  /PD_TOP        (1.10)
i_0_2_1034/B1->ZN        AOI22_X4                rf   7390.5     22.0     22.0      0.0      9.3      1.4      9.5      2    59,   59  /PD_TOP        (1.10)
i_0_2_1032/A2->ZN        NOR2_X4*                fr   7452.5     62.0     62.0      0.0     14.6      1.3     30.6      2    59,   59  /PD_TOP        (1.10)
i_0_2_1028/A->ZN         AOI21_X4                rf   7470.7     18.2     18.2      0.0     15.3      2.1     14.2      3    59,   59  /PD_TOP        (1.10)
i_0_2_1026/A2->ZN        NOR2_X4                 fr   7500.1     29.4     29.4      0.0     11.7      0.7      4.6      1    59,   59  /PD_TOP        (1.10)
i_0_2_1023/A->ZN         AOI21_X4                rf   7516.8     16.7     16.7      0.0     15.7      1.3      9.4      2    59,   59  /PD_TOP        (1.10)
i_0_2_1021/A2->ZN        NOR2_X4*                fr   7576.8     60.0     60.0      0.0      9.7      1.3     30.6      2    59,   59  /PD_TOP        (1.10)
i_0_2_1017/A->ZN         AOI21_X4                rf   7593.4     16.6     16.6      0.0     15.3      1.3      9.4      2    59,   59  /PD_TOP        (1.10)
i_0_2_1015/A2->ZN        NOR2_X4*                fr   7653.4     60.0     60.0      0.0      9.7      1.3     30.6      2    59,   59  /PD_TOP        (1.10)
i_0_2_1011/A->ZN         AOI21_X4                rf   7671.6     18.2     18.2      0.0     15.3      2.1     14.2      3    59,   59  /PD_TOP        (1.10)
i_0_2_1009/A2->ZN        NOR2_X4                 fr   7701.0     29.4     29.4      0.0     11.7      0.7      4.6      1    59,   59  /PD_TOP        (1.10)
i_0_2_1006/A->ZN         AOI21_X4                rf   7717.7     16.7     16.7      0.0     15.7      1.3      9.4      2    59,   59  /PD_TOP        (1.10)
i_0_2_1004/A2->ZN        NOR2_X4*                fr   7777.7     60.0     60.0      0.0      9.7      1.3     30.6      2    59,   59  /PD_TOP        (1.10)
i_0_2_1000/A->ZN         AOI21_X4                rf   7795.9     18.2     18.2      0.0     15.3      2.1     14.2      3    59,   59  /PD_TOP        (1.10)
i_0_2_998/A2->ZN         NOR2_X4                 fr   7825.3     29.4     29.4      0.0     11.7      0.7      4.6      1    59,   59  /PD_TOP        (1.10)
i_0_2_995/A->ZN          AOI21_X4                rf   7843.7     18.4     18.4      0.0     15.7      2.1     14.2      3    59,   59  /PD_TOP        (1.10)
i_0_2_993/A2->ZN         NOR2_X4                 fr   7873.1     29.4     29.4      0.0     11.7      0.7      4.6      1    59,   59  /PD_TOP        (1.10)
i_0_2_990/A->ZN          AOI21_X4                rf   7891.5     18.4     18.4      0.0     15.7      2.1     14.2      3    59,   59  /PD_TOP        (1.10)
i_0_2_988/A2->ZN         NOR2_X4                 fr   7920.9     29.4     29.4      0.0     11.7      0.7      4.6      1    59,   59  /PD_TOP        (1.10)
i_0_2_985/A->ZN          AOI21_X4                rf   7936.4     15.5     15.5      0.0     15.7      1.5      6.1      2    59,   59  /PD_TOP        (1.10)
i_0_2_984/A2->ZN         OR2_X4                  ff   7983.8     47.4     47.4      0.0      8.5      1.5      8.1      2    59,   59  /PD_TOP        (1.10)
i_0_2_983/C2->ZN         AOI221_X4*              fr   8111.8    128.0    128.0      0.0      9.3     10.8     59.3     14    59,   59  /PD_TOP        (1.10)
i_0_2_977/A2->ZN         NAND2_X4                rf   8127.1     15.3     15.0      0.3     15.3      0.6      4.1      1    59,   59  /PD_TOP        (1.10)
i_0_2_976/B->Z           XOR2_X2                 ff   8187.9     60.8     60.8      0.0      6.9      1.3      8.3      2    59,   59  /PD_TOP        (1.10)
i_0_2_975/A->ZN          AOI21_X4                fr   8236.2     48.3     48.3      0.0     14.7      1.5      9.6      2    59,   59  /PD_TOP        (1.10)
i_0_2_973/B1->ZN         OAI21_X4*               rf   8271.9     35.7     35.7      0.0     27.9      1.4     30.8      2    59,   59  /PD_TOP        (1.10)
i_0_2_968/B1->ZN         AOI21_X4                fr   8313.2     41.3     41.3      0.0     15.3      2.1     14.2      3    59,   59  /PD_TOP        (1.10)
i_0_2_966/A2->ZN         NOR2_X4                 rf   8327.1     13.9     13.9      0.0     33.3      0.7      4.6      1    59,   59  /PD_TOP        (1.10)
i_0_2_963/A->ZN          AOI21_X4                fr   8375.4     48.3     48.3      0.0      5.6      2.1     12.7      3    59,   59  /PD_TOP        (1.10)
i_0_2_961/A2->ZN         NOR2_X4                 rf   8391.0     15.6     15.6      0.0     31.6      1.4      7.7      2    59,   59  /PD_TOP        (1.10)
i_0_2_958/A->ZN          AOI21_X4                fr   8439.7     48.7     48.7      0.0      6.4      2.1     12.7      3    59,   59  /PD_TOP        (1.10)
i_0_2_956/A2->ZN         NOR2_X4                 rf   8455.3     15.6     15.6      0.0     31.6      1.4      7.7      2    59,   59  /PD_TOP        (1.10)
i_0_2_953/A->ZN          AOI21_X4                fr   8504.0     48.7     48.7      0.0      6.4      2.1     12.7      3    59,   59  /PD_TOP        (1.10)
i_0_2_951/A2->ZN         NOR2_X4                 rf   8519.6     15.6     15.6      0.0     31.6      1.4      7.7      2    59,   59  /PD_TOP        (1.10)
i_0_2_948/A->ZN          AOI21_X4*               fr   8591.4     71.8     71.8      0.0      6.4      2.2     34.1      3    59,   59  /PD_TOP        (1.10)
i_0_2_943/B1->ZN         AOI21_X4                rf   8607.4     16.0     16.0      0.0     15.3      0.7      4.6      1    59,   59  /PD_TOP        (1.10)
i_0_2_942/A->ZN          AOI21_X4*               fr   8679.8     72.4     72.4      0.0      7.9      2.2     34.2      3    59,   59  /PD_TOP        (1.10)
i_0_2_940/A->ZN          AOI21_X4                rf   8694.5     14.7     14.7      0.0     15.3      0.7      4.6      1    59,   59  /PD_TOP        (1.10)
i_0_2_939/A->ZN          AOI21_X4                fr   8745.7     51.2     51.2      0.0      7.9      2.1     14.2      3    59,   59  /PD_TOP        (1.10)
i_0_2_937/A2->ZN         NOR2_X4                 rf   8759.6     13.9     13.9      0.0     33.3      0.7      4.6      1    59,   59  /PD_TOP        (1.10)
i_0_2_934/A->ZN          AOI21_X4                fr   8808.6     49.0     49.0      0.0      5.6      2.3     13.2      3    59,   59  /PD_TOP        (1.10)
i_0_2_933/A2->ZN         NOR2_X4*                rf   8835.3     26.7     26.7      0.0     32.1      1.3     29.1      2    59,   59  /PD_TOP        (1.10)
i_0_2_932/A->ZN          INV_X8                  fr   8847.9     12.6     12.6      0.0     15.3      0.7      4.5      1    59,   59  /PD_TOP        (1.10)
i_0_2_929/B1->ZN         AOI22_X4                rf   8871.0     23.1     23.1      0.0      5.4      2.2     14.3      3    59,   59  /PD_TOP        (1.10)
i_0_2_928/A2->ZN         NOR2_X4                 fr   8902.7     31.7     31.7      0.0     16.7      0.7      4.7      1    59,   59  /PD_TOP        (1.10)
i_0_2_924/B1->ZN         OAI21_X4                rf   8924.5     21.8     21.8      0.0     15.9      2.1     14.2      3    59,   59  /PD_TOP        (1.10)
i_0_2_923/A2->ZN         NOR2_X4                 fr   8954.9     30.4     30.4      0.0     13.6      0.7      4.7      1    59,   59  /PD_TOP        (1.10)
i_0_2_919/B1->ZN         OAI21_X4                rf   8972.0     17.1     17.1      0.0     15.9      1.5      6.1      2    59,   59  /PD_TOP        (1.10)
i_0_2_918/A2->ZN         OR2_X4                  ff   9020.0     48.0     48.0      0.0     10.1      1.5      7.9      2    59,   59  /PD_TOP        (1.10)
i_0_2_915/C1->ZN         AOI221_X4*              fr   9140.4    120.4    120.4      0.0      9.3      6.1     59.9      8    59,   59  /PD_TOP        (1.10)
i_0_2_831/A1->ZN         NAND2_X4                rf   9154.8     14.4     14.2      0.2     15.3      0.6      4.3      1    59,   59  /PD_TOP        (1.10)
i_0_2_830/B->ZN          XNOR2_X2*               fr   9252.2     97.4     97.4      0.0      7.0      1.4     31.0      2    59,   59  /PD_TOP        (1.10)
i_0_2_829/A->ZN          INV_X8                  rf   9262.3     10.1     10.1      0.0     15.3      2.3     14.7      3    59,   59  /PD_TOP        (1.10)
i_0_2_822/B2->ZN         AOI22_X4*               fr   9338.1     75.8     75.8      0.0      4.6      1.4     30.3      2    59,   59  /PD_TOP        (1.10)
i_0_2_821/A->ZN          INV_X8                  rf   9345.1      7.0      7.0      0.0     15.3      0.7      4.8      1    59,   59  /PD_TOP        (1.10)
i_0_2_820/B2->ZN         OAI22_X4                fr   9392.5     47.4     47.4      0.0      3.5      1.5      9.4      2    59,   59  /PD_TOP        (1.10)
i_0_2_819/B2->ZN         AOI22_X4*               rf   9435.9     43.4     43.4      0.0     36.5      1.4     30.3      2    59,   59  /PD_TOP        (1.10)
i_0_2_818/A->ZN          INV_X8                  fr   9448.6     12.7     12.7      0.0     15.3      0.7      4.8      1    59,   59  /PD_TOP        (1.10)
i_0_2_817/B2->ZN         AOI22_X4                rf   9470.1     21.5     21.5      0.0      5.4      1.5      8.9      2    59,   59  /PD_TOP        (1.10)
i_0_2_814/B1->ZN         OAI22_X4                fr   9517.0     46.9     46.9      0.0     14.3      1.5      9.4      2    59,   59  /PD_TOP        (1.10)
i_0_2_813/B2->ZN         AOI22_X4                rf   9547.4     30.4     30.4      0.0     36.5      1.5      9.0      2    59,   59  /PD_TOP        (1.10)
i_0_2_812/B2->ZN         OAI22_X4                fr   9599.4     52.0     52.0      0.0     14.4      1.5      9.4      2    59,   59  /PD_TOP        (1.10)
i_0_2_811/B2->ZN         AOI22_X4                rf   9629.8     30.4     30.4      0.0     36.5      1.5      9.0      2    59,   59  /PD_TOP        (1.10)
i_0_2_810/B2->ZN         OAI22_X4                fr   9681.8     52.0     52.0      0.0     14.4      1.5      9.4      2    59,   59  /PD_TOP        (1.10)
i_0_2_809/B2->ZN         AOI22_X4                rf   9712.2     30.4     30.4      0.0     36.5      1.5      9.0      2    59,   59  /PD_TOP        (1.10)
i_0_2_808/B2->ZN         OAI22_X4                fr   9763.4     51.2     51.2      0.0     14.4      1.5      8.7      2    59,   59  /PD_TOP        (1.10)
i_0_2_0/A1->ZN           AOI22_X4                rf   9786.7     23.3     23.3      0.0     35.7      1.5      8.7      2    59,   59  /PD_TOP        (1.10)
i_0_2_1/A1->ZN           OAI22_X4*               fr   9850.4     63.7     63.7      0.0     14.2      2.0     34.3      3    59,   59  /PD_TOP        (1.10)
i_0_2_3/A->ZN            INV_X8                  rf   9857.4      7.0      7.0      0.0     15.3      0.7      4.5      1    59,   59  /PD_TOP        (1.10)
i_0_2_4/B1->ZN           AOI22_X4                fr   9895.5     38.1     38.1      0.0      3.5      0.7      3.9      1    59,   59  /PD_TOP        (1.10)
i_0_2_5/A->ZN            XNOR2_X2                rr   9944.0     48.5     48.5      0.0     24.3      1.5      8.7      2    59,   59  /PD_TOP        (1.10)
i_0_2_6/A1->ZN           NAND4_X4*               rf  10022.1     78.1     78.1      0.0     33.6     12.4     94.6     15    59,   59  /PD_TOP        (1.10)
i_0_2_12/A->ZN           INV_X8                  fr  10035.2     13.1     12.7      0.4     15.3      0.7      4.8      1    59,   59  /PD_TOP        (1.10)
i_0_2_13/B1->ZN          OAI22_X4                rf  10057.2     22.0     22.0      0.0      5.4      2.2     11.9      3    59,   59  /PD_TOP        (1.10)
i_0_2_14/A1->ZN          OR2_X4                  ff  10100.3     43.1     43.1      0.0     14.3      0.7      5.0      1    59,   59  /PD_TOP        (1.10)
i_0_2_15/A2->ZN          AOI22_X4*               fr  10170.4     70.1     70.1      0.0      8.5      2.4     34.3      3    59,   59  /PD_TOP        (1.10)
i_0_2_18/A1->ZN          OAI22_X4*               rf  10206.5     36.1     36.1      0.0     15.3      2.4     34.3      3    59,   59  /PD_TOP        (1.10)
i_0_2_22/A1->ZN          OAI22_X4*               fr  10270.6     64.1     64.1      0.0     15.3      2.4     34.3      3    59,   59  /PD_TOP        (1.10)
i_0_2_25/A1->ZN          OAI22_X4*               rf  10306.7     36.1     36.1      0.0     15.3      2.4     34.3      3    59,   59  /PD_TOP        (1.10)
i_0_2_29/A1->ZN          OAI22_X4*               fr  10370.8     64.1     64.1      0.0     15.3      2.4     34.3      3    59,   59  /PD_TOP        (1.10)
i_0_2_32/A1->ZN          OAI22_X4*               rf  10406.9     36.1     36.1      0.0     15.3      2.4     34.3      3    59,   59  /PD_TOP        (1.10)
i_0_2_36/A1->ZN          OAI22_X4*               fr  10471.0     64.1     64.1      0.0     15.3      2.4     34.3      3    59,   59  /PD_TOP        (1.10)
i_0_2_39/A1->ZN          OAI22_X4*               rf  10507.1     36.1     36.1      0.0     15.3      2.4     34.3      3    59,   59  /PD_TOP        (1.10)
i_0_2_43/A1->ZN          AOI22_X4*               fr  10575.0     67.9     67.9      0.0     15.3      2.4     34.3      3    59,   59  /PD_TOP        (1.10)
i_0_2_46/A1->ZN          OAI22_X4*               rf  10611.1     36.1     36.1      0.0     15.3      2.4     34.3      3    59,   59  /PD_TOP        (1.10)
i_0_2_50/A1->ZN          OAI22_X4*               fr  10675.3     64.2     64.2      0.0     15.3      2.4     34.5      3    59,   59  /PD_TOP        (1.10)
i_0_2_54/A1->ZN          OAI22_X4*               rf  10711.4     36.1     36.1      0.0     15.3      2.4     34.3      3    59,   59  /PD_TOP        (1.10)
i_0_2_59/A1->ZN          OAI22_X4*               fr  10775.5     64.1     64.1      0.0     15.3      2.4     34.3      3    59,   59  /PD_TOP        (1.10)
i_0_2_63/A1->ZN          OAI22_X4                rf  10794.1     18.6     18.6      0.0     15.3      0.7      3.9      1    59,   59  /PD_TOP        (1.10)
i_0_2_64/A->ZN           XNOR2_X2                ff  10833.2     39.1     39.1      0.0     10.7      0.6      4.8      1    59,   59  /PD_TOP        (1.10)
i_0_2_65/A1->ZN          NOR2_X4*                fr  10909.5     76.3     76.3      0.0     11.7     15.9     87.7     18    59,   59  /PD_TOP        (1.10)
i_0_2_75/A->ZN           OAI221_X2               rf  10945.5     36.0     35.4      0.6     15.3      0.8      3.9      1    59,   59  /PD_TOP        (1.10)
i_0_2_76/A->ZN           XNOR2_X2*               fr  11046.9    101.4    101.4      0.0     18.7      3.0     40.7      4    59,   59  /PD_TOP        (1.10)
i_0_2_77/A->ZN           INV_X8                  rf  11055.5      8.6      8.5      0.1     15.3      1.4      9.4      2    59,   59  /PD_TOP        (1.10)
i_0_2_78/A1->ZN          NOR2_X4                 fr  11077.2     21.7     21.7      0.0      4.0      0.7      4.8      1    59,   59  /PD_TOP        (1.10)
i_0_2_79/A2->ZN          OAI22_X4                rf  11101.2     24.0     24.0      0.0     16.0      1.5      8.7      2    59,   59  /PD_TOP        (1.10)
i_0_2_85/A1->ZN          OAI22_X4                fr  11136.1     34.9     34.9      0.0     12.8      1.5      8.7      2    59,   59  /PD_TOP        (1.10)
i_0_2_91/A1->ZN          OAI22_X4                rf  11163.5     27.4     27.4      0.0     35.7      1.5      8.7      2    59,   59  /PD_TOP        (1.10)
i_0_2_97/A1->ZN          OAI22_X4                fr  11198.4     34.9     34.9      0.0     12.8      1.5      8.7      2    59,   59  /PD_TOP        (1.10)
i_0_2_103/A1->ZN         AOI22_X4                rf  11221.7     23.3     23.3      0.0     35.7      1.5      8.7      2    59,   59  /PD_TOP        (1.10)
i_0_2_109/A1->ZN         OAI22_X4                fr  11257.1     35.4     35.4      0.0     14.2      1.5      8.7      2    59,   59  /PD_TOP        (1.10)
i_0_2_115/A1->ZN         OAI22_X4                rf  11284.5     27.4     27.4      0.0     35.7      1.5      8.7      2    59,   59  /PD_TOP        (1.10)
i_0_2_121/A1->ZN         OAI22_X4                fr  11319.4     34.9     34.9      0.0     12.8      1.5      8.7      2    59,   59  /PD_TOP        (1.10)
i_0_2_127/A1->ZN         OAI22_X4                rf  11346.8     27.4     27.4      0.0     35.7      1.5      8.7      2    59,   59  /PD_TOP        (1.10)
i_0_2_133/A1->ZN         OAI22_X4                fr  11381.7     34.9     34.9      0.0     12.8      1.5      8.7      2    59,   59  /PD_TOP        (1.10)
i_0_2_138/A1->ZN         AOI22_X4                rf  11405.0     23.3     23.3      0.0     35.7      1.5      8.7      2    59,   59  /PD_TOP        (1.10)
i_0_2_144/A1->ZN         AOI22_X4                fr  11444.0     39.0     39.0      0.0     14.2      1.5      8.7      2    59,   59  /PD_TOP        (1.10)
i_0_2_150/A1->ZN         OAI22_X4                rf  11469.8     25.8     25.8      0.0     30.2      1.5      8.7      2    59,   59  /PD_TOP        (1.10)
i_0_2_155/A1->ZN         OAI22_X4                fr  11506.0     36.2     36.2      0.0     12.8      1.5      9.7      2    59,   59  /PD_TOP        (1.10)
i_0_2_156/B1->ZN         OAI21_X4                rf  11525.8     19.8     19.8      0.0     37.0      0.7      4.6      1    59,   59  /PD_TOP        (1.10)
i_0_2_157/A->ZN          AOI21_X4*               fr  11596.7     70.9     70.9      0.0      9.5      1.3     30.5      2    59,   59  /PD_TOP        (1.10)
i_0_2_158/A->ZN          INV_X8                  rf  11603.8      7.1      7.1      0.0     15.3      0.6      4.8      1    59,   59  /PD_TOP        (1.10)
i_0_2_159/A1->ZN         NOR2_X4*                fr  11675.0     71.2     71.2      0.0      3.5      9.3     78.8     12    59,   59  /PD_TOP        (1.10)
i_0_2_162/A->ZN          INV_X8                  rf  11689.7     14.7     14.4      0.3     15.3      5.7     34.1      7    59,   59  /PD_TOP        (1.10)
i_0_2_167/A1->ZN         OAI22_X4*               fr  11751.6     61.9     61.7      0.2      6.9      2.2     35.4      3    59,   59  /PD_TOP        (1.10)
i_0_2_168/A->ZN          INV_X8                  rf  11761.6     10.0     10.0      0.0     15.3      2.3     14.3      3    59,   59  /PD_TOP        (1.10)
i_0_2_253/B2->ZN         AOI22_X4                fr  11817.8     56.2     56.2      0.0      4.6      2.1     13.7      3    59,   59  /PD_TOP        (1.10)
i_0_2_260/A1->ZN         NAND2_X4                rf  11839.7     21.9     21.9      0.0     36.0      1.4      9.6      2    59,   59  /PD_TOP        (1.10)
i_0_2_755/A2->ZN         NAND3_X4                fr  11861.1     21.4     21.4      0.0      9.0      1.4      9.0      2    59,   59  /PD_TOP        (1.10)
i_0_2_754/A->ZN          OAI21_X4                rf  11881.0     19.9     19.9      0.0     14.8      0.7      4.4      1    59,   59  /PD_TOP        (1.10)
i_0_2_753/A1->ZN         NAND2_X4                fr  11898.3     17.3     17.3      0.0      9.5      1.3      8.9      2    59,   59  /PD_TOP        (1.10)
i_0_2_752/A->ZN          OAI21_X4                rf  11917.3     19.0     19.0      0.0     11.9      0.7      4.4      1    59,   59  /PD_TOP        (1.10)
i_0_2_751/A1->ZN         NAND2_X4                fr  11934.6     17.3     17.3      0.0      9.5      1.3      8.9      2    59,   59  /PD_TOP        (1.10)
i_0_2_750/A->ZN          OAI21_X4                rf  11953.6     19.0     19.0      0.0     11.9      0.7      4.4      1    59,   59  /PD_TOP        (1.10)
i_0_2_749/A1->ZN         NAND2_X4                fr  11970.9     17.3     17.3      0.0      9.5      1.3      8.9      2    59,   59  /PD_TOP        (1.10)
i_0_2_748/A->ZN          OAI21_X4                rf  11989.9     19.0     19.0      0.0     11.9      0.7      4.4      1    59,   59  /PD_TOP        (1.10)
i_0_2_747/A1->ZN         NAND2_X4                fr  12007.2     17.3     17.3      0.0      9.5      1.3      8.9      2    59,   59  /PD_TOP        (1.10)
i_0_2_746/A->ZN          OAI21_X4                rf  12026.2     19.0     19.0      0.0     11.9      0.7      4.4      1    59,   59  /PD_TOP        (1.10)
i_0_2_745/A1->ZN         NAND2_X4                fr  12043.5     17.3     17.3      0.0      9.5      1.3      8.9      2    59,   59  /PD_TOP        (1.10)
i_0_2_744/A->ZN          OAI21_X4                rf  12062.5     19.0     19.0      0.0     11.9      0.7      4.4      1    59,   59  /PD_TOP        (1.10)
i_0_2_743/A1->ZN         NAND2_X4                fr  12079.8     17.3     17.3      0.0      9.5      1.3      8.9      2    59,   59  /PD_TOP        (1.10)
i_0_2_742/A->ZN          OAI21_X4                rf  12098.8     19.0     19.0      0.0     11.9      0.7      4.4      1    59,   59  /PD_TOP        (1.10)
i_0_2_741/A1->ZN         NAND2_X4                fr  12116.1     17.3     17.3      0.0      9.5      1.3      8.9      2    59,   59  /PD_TOP        (1.10)
i_0_2_740/A->ZN          OAI21_X4                rf  12135.1     19.0     19.0      0.0     11.9      0.7      4.4      1    59,   59  /PD_TOP        (1.10)
i_0_2_739/A1->ZN         NAND2_X4                fr  12152.4     17.3     17.3      0.0      9.5      1.3      8.9      2    59,   59  /PD_TOP        (1.10)
i_0_2_738/A->ZN          OAI21_X4                rf  12171.4     19.0     19.0      0.0     11.9      0.7      4.4      1    59,   59  /PD_TOP        (1.10)
i_0_2_737/A1->ZN         NAND2_X4                fr  12188.7     17.3     17.3      0.0      9.5      1.3      8.9      2    59,   59  /PD_TOP        (1.10)
i_0_2_736/A->ZN          OAI21_X4                rf  12207.7     19.0     19.0      0.0     11.9      0.7      4.4      1    59,   59  /PD_TOP        (1.10)
i_0_2_735/A1->ZN         NAND2_X4                fr  12225.0     17.3     17.3      0.0      9.5      1.3      8.9      2    59,   59  /PD_TOP        (1.10)
i_0_2_734/A->ZN          OAI21_X4                rf  12244.0     19.0     19.0      0.0     11.9      0.7      4.4      1    59,   59  /PD_TOP        (1.10)
i_0_2_733/A1->ZN         NAND2_X4                fr  12261.3     17.3     17.3      0.0      9.5      1.3      8.9      2    59,   59  /PD_TOP        (1.10)
i_0_2_732/A->ZN          OAI21_X4                rf  12280.3     19.0     19.0      0.0     11.9      0.7      4.4      1    59,   59  /PD_TOP        (1.10)
i_0_2_731/A1->ZN         NAND2_X4                fr  12297.6     17.3     17.3      0.0      9.5      1.3      8.9      2    59,   59  /PD_TOP        (1.10)
i_0_2_730/A->ZN          OAI21_X4                rf  12316.6     19.0     19.0      0.0     11.9      0.7      4.4      1    59,   59  /PD_TOP        (1.10)
i_0_2_729/A1->ZN         NAND2_X4                fr  12333.9     17.3     17.3      0.0      9.5      1.3      8.9      2    59,   59  /PD_TOP        (1.10)
i_0_2_728/A->ZN          OAI21_X4                rf  12352.9     19.0     19.0      0.0     11.9      0.7      4.4      1    59,   59  /PD_TOP        (1.10)
i_0_2_727/A1->ZN         NAND2_X4                fr  12367.3     14.4     14.4      0.0      9.5      0.6      4.3      1    59,   59  /PD_TOP        (1.10)
i_0_2_726/B->ZN          XNOR2_X2                rf  12389.5     22.2     22.2      0.0      9.5      1.5      7.8      2    59,   59  /PD_TOP        (1.10)
i_0_2_722/A1->ZN         NOR4_X4*                fr  12520.3    130.8    130.8      0.0     14.3     14.5     84.1     17    59,   59  /PD_TOP        (1.10)
i_0_2_681/B1->ZN         OAI22_X4                rf  12547.0     26.7     26.2      0.5     15.3      2.3     13.4      3    59,   59  /PD_TOP        (1.10)
i_0_2_680/A->ZN          OAI21_X4                fr  12583.4     36.4     36.4      0.0     15.0      0.6     26.1      1    59,   59  /PD_TOP        (1.10)
i_0_2_679/A->ZN          INV_X8                  rf  12590.2      6.8      6.8      0.0     43.7      0.6      4.5      1    59,   59  /PD_TOP        (1.10)
i_0_2_678/A->ZN          AOI21_X4                fr  12632.2     42.0     42.0      0.0      3.5      1.4      8.5      2    59,   59  /PD_TOP        (1.10)
i_0_2_676/B1->ZN         AOI21_X4                rf  12653.1     20.9     20.9      0.0     26.6      1.4      8.4      2    59,   59  /PD_TOP        (1.10)
i_0_2_675/A->ZN          OAI21_X4                fr  12686.7     33.6     33.6      0.0      9.4      0.6     26.1      1    59,   59  /PD_TOP        (1.10)
i_0_2_674/A->ZN          INV_X8                  rf  12693.5      6.8      6.8      0.0     43.7      0.6      4.5      1    59,   59  /PD_TOP        (1.10)
i_0_2_673/A->ZN          AOI21_X4                fr  12735.5     42.0     42.0      0.0      3.5      1.4      8.5      2    59,   59  /PD_TOP        (1.10)
i_0_2_671/B1->ZN         AOI21_X4                rf  12756.4     20.9     20.9      0.0     26.6      1.4      8.4      2    59,   59  /PD_TOP        (1.10)
i_0_2_670/A->ZN          OAI21_X4                fr  12790.0     33.6     33.6      0.0      9.4      0.6     26.1      1    59,   59  /PD_TOP        (1.10)
i_0_2_669/A->ZN          INV_X8                  rf  12796.8      6.8      6.8      0.0     43.7      0.6      4.5      1    59,   59  /PD_TOP        (1.10)
i_0_2_668/A->ZN          AOI21_X4                fr  12838.8     42.0     42.0      0.0      3.5      1.4      8.5      2    59,   59  /PD_TOP        (1.10)
i_0_2_666/B1->ZN         AOI21_X4                rf  12859.7     20.9     20.9      0.0     26.6      1.4      8.4      2    59,   59  /PD_TOP        (1.10)
i_0_2_665/A->ZN          OAI21_X4                fr  12893.3     33.6     33.6      0.0      9.4      0.6     26.1      1    59,   59  /PD_TOP        (1.10)
i_0_2_664/A->ZN          INV_X8                  rf  12900.1      6.8      6.8      0.0     43.7      0.6      4.5      1    59,   59  /PD_TOP        (1.10)
i_0_2_663/A->ZN          AOI21_X4                fr  12942.1     42.0     42.0      0.0      3.5      1.4      8.5      2    59,   59  /PD_TOP        (1.10)
i_0_2_661/B1->ZN         AOI21_X4                rf  12963.0     20.9     20.9      0.0     26.6      1.4      8.4      2    59,   59  /PD_TOP        (1.10)
i_0_2_660/A->ZN          OAI21_X4                fr  12996.6     33.6     33.6      0.0      9.4      0.6     26.1      1    59,   59  /PD_TOP        (1.10)
i_0_2_659/A->ZN          INV_X8                  rf  13003.4      6.8      6.8      0.0     43.7      0.6      4.5      1    59,   59  /PD_TOP        (1.10)
i_0_2_658/A->ZN          AOI21_X4                fr  13045.4     42.0     42.0      0.0      3.5      1.4      8.5      2    59,   59  /PD_TOP        (1.10)
i_0_2_656/B1->ZN         AOI21_X4                rf  13066.3     20.9     20.9      0.0     26.6      1.4      8.4      2    59,   59  /PD_TOP        (1.10)
i_0_2_655/A->ZN          OAI21_X4                fr  13099.9     33.6     33.6      0.0      9.4      0.6     26.1      1    59,   59  /PD_TOP        (1.10)
i_0_2_654/A->ZN          INV_X8                  rf  13106.7      6.8      6.8      0.0     43.7      0.6      4.5      1    59,   59  /PD_TOP        (1.10)
i_0_2_653/A->ZN          AOI21_X4                fr  13148.7     42.0     42.0      0.0      3.5      1.4      8.5      2    59,   59  /PD_TOP        (1.10)
i_0_2_651/B1->ZN         AOI21_X4                rf  13169.6     20.9     20.9      0.0     26.6      1.4      8.4      2    59,   59  /PD_TOP        (1.10)
i_0_2_650/A->ZN          OAI21_X4                fr  13203.2     33.6     33.6      0.0      9.4      0.6     26.1      1    59,   59  /PD_TOP        (1.10)
i_0_2_649/A->ZN          INV_X8                  rf  13210.0      6.8      6.8      0.0     43.7      0.6      4.5      1    59,   59  /PD_TOP        (1.10)
i_0_2_648/A->ZN          AOI21_X4                fr  13252.0     42.0     42.0      0.0      3.5      1.4      8.5      2    59,   59  /PD_TOP        (1.10)
i_0_2_646/B1->ZN         AOI21_X4                rf  13272.9     20.9     20.9      0.0     26.6      1.4      8.4      2    59,   59  /PD_TOP        (1.10)
i_0_2_645/A->ZN          OAI21_X4                fr  13306.5     33.6     33.6      0.0      9.4      0.6     26.1      1    59,   59  /PD_TOP        (1.10)
i_0_2_644/A->ZN          INV_X8                  rf  13313.3      6.8      6.8      0.0     43.7      0.6      4.5      1    59,   59  /PD_TOP        (1.10)
i_0_2_643/A->ZN          AOI21_X4                fr  13355.3     42.0     42.0      0.0      3.5      1.4      8.5      2    59,   59  /PD_TOP        (1.10)
i_0_2_641/B1->ZN         AOI21_X4                rf  13376.2     20.9     20.9      0.0     26.6      1.4      8.4      2    59,   59  /PD_TOP        (1.10)
i_0_2_640/A->ZN          OAI21_X4                fr  13396.7     20.5     20.5      0.0      9.4      0.7      4.7      1    59,   59  /PD_TOP        (1.10)
i_0_2_639/A->ZN          OAI21_X4                rf  13417.7     21.0     21.0      0.0     18.8      0.7      4.4      1    59,   59  /PD_TOP        (1.10)
i_0_2_638/B->ZN          XNOR2_X2                ff  13462.3     44.6     44.6      0.0      9.4      1.3      9.3      2    59,   59  /PD_TOP        (1.10)
i_0_2_636/A3->ZN         NOR3_X4*                fr  13590.2    127.9    127.9      0.0     15.7     16.7    117.5     20    59,   59  /PD_TOP        (1.10)
i_0_2_635/A->ZN          INV_X8                  rf  13599.3      9.1      8.5      0.6     15.3      1.3      9.5      2    59,   59  /PD_TOP        (1.10)
i_0_2_559/B2->ZN         OAI21_X4                fr  13641.4     42.1     42.1      0.0      4.0      2.0     14.0      3    59,   59  /PD_TOP        (1.10)
i_0_2_558/A1->ZN         NOR2_X4                 rf  13652.6     11.2     11.2      0.0     29.6      0.6      4.8      1    59,   59  /PD_TOP        (1.10)
i_0_2_557/A2->ZN         NOR2_X4                 fr  13679.5     26.9     26.9      0.0      5.7      0.7      4.6      1    59,   59  /PD_TOP        (1.10)
i_0_2_556/A->ZN          AOI21_X4                rf  13696.0     16.5     16.5      0.0     15.7      1.4      8.8      2    59,   59  /PD_TOP        (1.10)
i_0_2_554/B1->ZN         OAI21_X4                fr  13735.2     39.2     39.2      0.0      9.5      2.0     13.9      3    59,   59  /PD_TOP        (1.10)
i_0_2_553/A2->ZN         NOR2_X4                 rf  13748.8     13.6     13.6      0.0     29.5      0.6      4.8      1    59,   59  /PD_TOP        (1.10)
i_0_2_552/A2->ZN         NOR2_X4                 fr  13775.7     26.9     26.9      0.0      5.7      0.7      4.6      1    59,   59  /PD_TOP        (1.10)
i_0_2_551/A->ZN          AOI21_X4                rf  13792.2     16.5     16.5      0.0     15.7      1.4      8.8      2    59,   59  /PD_TOP        (1.10)
i_0_2_549/B1->ZN         OAI21_X4                fr  13831.4     39.2     39.2      0.0      9.5      2.0     13.9      3    59,   59  /PD_TOP        (1.10)
i_0_2_548/A2->ZN         NOR2_X4                 rf  13845.0     13.6     13.6      0.0     29.5      0.6      4.8      1    59,   59  /PD_TOP        (1.10)
i_0_2_547/A2->ZN         NOR2_X4                 fr  13871.9     26.9     26.9      0.0      5.7      0.7      4.6      1    59,   59  /PD_TOP        (1.10)
i_0_2_546/A->ZN          AOI21_X4                rf  13888.4     16.5     16.5      0.0     15.7      1.4      8.8      2    59,   59  /PD_TOP        (1.10)
i_0_2_544/B1->ZN         OAI21_X4                fr  13921.4     33.0     33.0      0.0      9.5      1.4      9.1      2    59,   59  /PD_TOP        (1.10)
i_0_2_542/B1->ZN         AOI21_X4                rf  13942.1     20.7     20.7      0.0     24.0      1.4      8.8      2    59,   59  /PD_TOP        (1.10)
i_0_2_540/B1->ZN         OAI21_X4                fr  13975.1     33.0     33.0      0.0      9.5      1.4      9.1      2    59,   59  /PD_TOP        (1.10)
i_0_2_538/B1->ZN         AOI21_X4                rf  13995.8     20.7     20.7      0.0     24.0      1.4      8.8      2    59,   59  /PD_TOP        (1.10)
i_0_2_536/B1->ZN         OAI21_X4                fr  14028.8     33.0     33.0      0.0      9.5      1.4      9.1      2    59,   59  /PD_TOP        (1.10)
i_0_2_534/B1->ZN         AOI21_X4                rf  14049.5     20.7     20.7      0.0     24.0      1.4      8.8      2    59,   59  /PD_TOP        (1.10)
i_0_2_532/B1->ZN         OAI21_X4                fr  14082.5     33.0     33.0      0.0      9.5      1.4      9.1      2    59,   59  /PD_TOP        (1.10)
i_0_2_530/B1->ZN         AOI21_X4                rf  14103.2     20.7     20.7      0.0     24.0      1.4      8.8      2    59,   59  /PD_TOP        (1.10)
i_0_2_528/B1->ZN         OAI21_X4                fr  14142.4     39.2     39.2      0.0      9.5      2.0     13.9      3    59,   59  /PD_TOP        (1.10)
i_0_2_527/A2->ZN         NOR2_X4                 rf  14156.0     13.6     13.6      0.0     29.5      0.6      4.8      1    59,   59  /PD_TOP        (1.10)
i_0_2_526/A2->ZN         NOR2_X4                 fr  14182.9     26.9     26.9      0.0      5.7      0.7      4.6      1    59,   59  /PD_TOP        (1.10)
i_0_2_525/A->ZN          AOI21_X4                rf  14199.4     16.5     16.5      0.0     15.7      1.4      8.8      2    59,   59  /PD_TOP        (1.10)
i_0_2_523/B1->ZN         OAI21_X4                fr  14232.4     33.0     33.0      0.0      9.5      1.4      9.1      2    59,   59  /PD_TOP        (1.10)
i_0_2_521/B1->ZN         AOI21_X4                rf  14253.2     20.8     20.8      0.0     24.0      1.4      9.0      2    59,   59  /PD_TOP        (1.10)
i_0_2_514/B2->ZN         AOI21_X4*               fr  14341.8     88.6     88.6      0.0      9.6     12.6    113.8     21    59,   59  /PD_TOP        (1.10)
i_0_2_446/A1->ZN         NAND2_X4                rf  14356.1     14.3     14.0      0.3     15.3      0.6      4.1      1    59,   59  /PD_TOP        (1.10)
i_0_2_445/B->Z           XOR2_X2                 ff  14417.0     60.9     60.9      0.0      6.9      1.3      8.3      2    59,   59  /PD_TOP        (1.10)
i_0_2_444/A->ZN          OAI21_X4                fr  14453.3     36.3     36.3      0.0     14.8      0.6     26.1      1    59,   59  /PD_TOP        (1.10)
i_0_2_443/A->ZN          INV_X8                  rf  14460.1      6.8      6.8      0.0     43.7      0.6      4.5      1    59,   59  /PD_TOP        (1.10)
i_0_2_442/A->ZN          AOI21_X4                fr  14502.5     42.4     42.4      0.0      3.5      1.4      8.9      2    59,   59  /PD_TOP        (1.10)
i_0_2_440/B1->ZN         AOI21_X4                rf  14523.9     21.4     21.4      0.0     27.0      1.4      9.0      2    59,   59  /PD_TOP        (1.10)
i_0_2_439/A->ZN          OAI21_X4                fr  14557.6     33.7     33.7      0.0      9.6      0.6     26.1      1    59,   59  /PD_TOP        (1.10)
i_0_2_438/A->ZN          INV_X8                  rf  14564.4      6.8      6.8      0.0     43.7      0.6      4.5      1    59,   59  /PD_TOP        (1.10)
i_0_2_437/A->ZN          AOI21_X4                fr  14606.8     42.4     42.4      0.0      3.5      1.4      8.9      2    59,   59  /PD_TOP        (1.10)
i_0_2_435/B1->ZN         AOI21_X4                rf  14628.2     21.4     21.4      0.0     27.0      1.4      9.0      2    59,   59  /PD_TOP        (1.10)
i_0_2_434/A->ZN          OAI21_X4                fr  14661.9     33.7     33.7      0.0      9.6      0.6     26.1      1    59,   59  /PD_TOP        (1.10)
i_0_2_433/A->ZN          INV_X8                  rf  14668.7      6.8      6.8      0.0     43.7      0.6      4.5      1    59,   59  /PD_TOP        (1.10)
i_0_2_432/A->ZN          AOI21_X4                fr  14711.1     42.4     42.4      0.0      3.5      1.4      8.9      2    59,   59  /PD_TOP        (1.10)
i_0_2_430/B1->ZN         AOI21_X4                rf  14732.5     21.4     21.4      0.0     27.0      1.4      9.0      2    59,   59  /PD_TOP        (1.10)
i_0_2_429/A->ZN          OAI21_X4                fr  14766.2     33.7     33.7      0.0      9.6      0.6     26.1      1    59,   59  /PD_TOP        (1.10)
i_0_2_428/A->ZN          INV_X8                  rf  14773.0      6.8      6.8      0.0     43.7      0.6      4.5      1    59,   59  /PD_TOP        (1.10)
i_0_2_427/A->ZN          AOI21_X4                fr  14815.4     42.4     42.4      0.0      3.5      1.4      8.9      2    59,   59  /PD_TOP        (1.10)
i_0_2_425/B1->ZN         AOI21_X4                rf  14836.8     21.4     21.4      0.0     27.0      1.4      9.0      2    59,   59  /PD_TOP        (1.10)
i_0_2_424/A->ZN          OAI21_X4                fr  14870.5     33.7     33.7      0.0      9.6      0.6     26.1      1    59,   59  /PD_TOP        (1.10)
i_0_2_423/A->ZN          INV_X8                  rf  14877.3      6.8      6.8      0.0     43.7      0.6      4.5      1    59,   59  /PD_TOP        (1.10)
i_0_2_422/A->ZN          AOI21_X4                fr  14919.7     42.4     42.4      0.0      3.5      1.4      8.9      2    59,   59  /PD_TOP        (1.10)
i_0_2_420/B1->ZN         AOI21_X4                rf  14941.1     21.4     21.4      0.0     27.0      1.4      9.0      2    59,   59  /PD_TOP        (1.10)
i_0_2_419/A->ZN          OAI21_X4                fr  14974.8     33.7     33.7      0.0      9.6      0.6     26.1      1    59,   59  /PD_TOP        (1.10)
i_0_2_418/A->ZN          INV_X8                  rf  14981.6      6.8      6.8      0.0     43.7      0.6      4.5      1    59,   59  /PD_TOP        (1.10)
i_0_2_417/A->ZN          AOI21_X4                fr  15024.0     42.4     42.4      0.0      3.5      1.4      8.9      2    59,   59  /PD_TOP        (1.10)
i_0_2_415/B1->ZN         AOI21_X4                rf  15045.4     21.4     21.4      0.0     27.0      1.4      9.0      2    59,   59  /PD_TOP        (1.10)
i_0_2_414/A->ZN          OAI21_X4                fr  15079.1     33.7     33.7      0.0      9.6      0.6     26.1      1    59,   59  /PD_TOP        (1.10)
i_0_2_413/A->ZN          INV_X8                  rf  15085.9      6.8      6.8      0.0     43.7      0.6      4.5      1    59,   59  /PD_TOP        (1.10)
i_0_2_412/A->ZN          AOI21_X4                fr  15128.3     42.4     42.4      0.0      3.5      1.4      8.9      2    59,   59  /PD_TOP        (1.10)
i_0_2_410/B1->ZN         AOI21_X4                rf  15149.7     21.4     21.4      0.0     27.0      1.4      9.0      2    59,   59  /PD_TOP        (1.10)
i_0_2_409/A->ZN          OAI21_X4                fr  15183.4     33.7     33.7      0.0      9.6      0.6     26.1      1    59,   59  /PD_TOP        (1.10)
i_0_2_408/A->ZN          INV_X8                  rf  15190.2      6.8      6.8      0.0     43.7      0.6      4.5      1    59,   59  /PD_TOP        (1.10)
i_0_2_407/A->ZN          AOI21_X4                fr  15232.6     42.4     42.4      0.0      3.5      1.4      8.9      2    59,   59  /PD_TOP        (1.10)
i_0_2_405/B1->ZN         AOI21_X4                rf  15254.0     21.4     21.4      0.0     27.0      1.4      9.0      2    59,   59  /PD_TOP        (1.10)
i_0_2_404/A->ZN          OAI21_X4                fr  15287.7     33.7     33.7      0.0      9.6      0.6     26.1      1    59,   59  /PD_TOP        (1.10)
i_0_2_403/A->ZN          INV_X8                  rf  15294.5      6.8      6.8      0.0     43.7      0.6      4.5      1    59,   59  /PD_TOP        (1.10)
i_0_2_402/A->ZN          AOI21_X4                fr  15336.9     42.4     42.4      0.0      3.5      1.4      8.9      2    59,   59  /PD_TOP        (1.10)
i_0_2_400/B1->ZN         AOI21_X4                rf  15358.3     21.4     21.4      0.0     27.0      1.4      9.0      2    59,   59  /PD_TOP        (1.10)
i_0_2_399/A->ZN          AOI21_X4                fr  15397.9     39.6     39.6      0.0      9.6      0.8      4.6      1    59,   59  /PD_TOP        (1.10)
i_0_2_397/A3->ZN         NOR4_X4*                rf  15447.1     49.2     49.2      0.0     22.0     13.5     95.2     22    59,   59  /PD_TOP        (1.10)
i_0_2_331/A1->ZN         NAND2_X4                fr  15464.5     17.4     17.0      0.4     15.3      0.6      4.1      1    59,   59  /PD_TOP        (1.10)
i_0_2_330/B->Z           XOR2_X2                 rr  15549.6     85.1     85.1      0.0      9.4      2.8     18.2      4    59,   59  /PD_TOP        (1.10)
i_0_2_326/B1->ZN         AOI21_X4                rf  15589.6     40.0     39.9      0.1     58.8      0.6     26.1      1    59,   59  /PD_TOP        (1.10)
i_0_2_325/A->ZN          INV_X8                  fr  15602.8     13.2     13.2      0.0     16.8      0.6      4.6      1    59,   59  /PD_TOP        (1.10)
i_0_2_324/A->ZN          OAI21_X4                rf  15622.0     19.2     19.2      0.0      5.4      1.4      8.5      2    59,   59  /PD_TOP        (1.10)
i_0_2_322/B1->ZN         AOI21_X4                fr  15654.3     32.3     32.3      0.0     11.1      1.4      8.4      2    59,   59  /PD_TOP        (1.10)
i_0_2_321/A->ZN          OAI21_X4                rf  15689.6     35.3     35.3      0.0     26.5      0.6     26.1      1    59,   59  /PD_TOP        (1.10)
i_0_2_320/A->ZN          INV_X8                  fr  15703.3     13.7     13.7      0.0     18.8      0.6      4.5      1    59,   59  /PD_TOP        (1.10)
i_0_2_319/A->ZN          AOI21_X4                rf  15715.4     12.1     12.1      0.0      5.4      1.4      8.5      2    59,   59  /PD_TOP        (1.10)
i_0_2_317/B1->ZN         AOI21_X4*               fr  15777.3     61.9     61.9      0.0      9.4      3.0     37.1      4    59,   59  /PD_TOP        (1.10)
i_0_2_1517/A2->ZN        AND2_X4                 rr  15808.5     31.2     31.1      0.1     15.3      0.7      4.8      1    59,   59  /PD_TOP        (1.10)
i_0_2_1518/A1->ZN        OAI22_X4                rf  15826.9     18.4     18.4      0.0      8.1      1.5      8.8      2    59,   59  /PD_TOP        (1.10)
i_0_2_1519/B1->ZN        AOI21_X4                fr  15860.2     33.3     33.3      0.0     12.9      1.5      8.6      2    59,   59  /PD_TOP        (1.10)
i_0_2_1521/A1->ZN        AOI22_X4                rf  15881.6     21.4     21.4      0.0     26.7      1.5      8.6      2    59,   59  /PD_TOP        (1.10)
i_0_2_1522/B1->ZN        AOI21_X4                fr  15915.4     33.8     33.8      0.0     14.2      1.5      8.6      2    59,   59  /PD_TOP        (1.10)
i_0_2_1524/A1->ZN        OAI22_X4                rf  15940.3     24.9     24.9      0.0     26.7      1.5      8.8      2    59,   59  /PD_TOP        (1.10)
i_0_2_1525/B1->ZN        AOI21_X4                fr  15973.6     33.3     33.3      0.0     12.9      1.5      8.6      2    59,   59  /PD_TOP        (1.10)
i_0_2_1527/A1->ZN        AOI22_X4                rf  15995.0     21.4     21.4      0.0     26.7      1.5      8.6      2    59,   59  /PD_TOP        (1.10)
i_0_2_1528/B1->ZN        AOI21_X4                fr  16028.8     33.8     33.8      0.0     14.2      1.5      8.6      2    59,   59  /PD_TOP        (1.10)
i_0_2_1530/A1->ZN        AOI22_X4                rf  16050.2     21.4     21.4      0.0     26.7      1.5      8.6      2    59,   59  /PD_TOP        (1.10)
i_0_2_1531/B1->ZN        AOI21_X4                fr  16084.0     33.8     33.8      0.0     14.2      1.5      8.6      2    59,   59  /PD_TOP        (1.10)
i_0_2_1533/A1->ZN        AOI22_X4                rf  16105.5     21.5     21.5      0.0     26.7      1.5      8.8      2    59,   59  /PD_TOP        (1.10)
i_0_2_1534/B1->ZN        AOI21_X4                fr  16139.3     33.8     33.8      0.0     14.3      1.5      8.6      2    59,   59  /PD_TOP        (1.10)
i_0_2_1536/A1->ZN        OAI22_X4                rf  16164.1     24.8     24.8      0.0     26.7      1.5      8.6      2    59,   59  /PD_TOP        (1.10)
i_0_2_1537/B1->ZN        AOI21_X4                fr  16197.5     33.4     33.4      0.0     12.8      1.5      8.8      2    59,   59  /PD_TOP        (1.10)
i_0_2_1541/A1->ZN        AOI22_X4                rf  16217.9     20.4     20.4      0.0     26.9      1.5      7.2      2    59,   59  /PD_TOP        (1.10)
i_0_2_1542/C1->ZN        AOI211_X4*              fr  16345.3    127.4    127.4      0.0     13.6     19.8    128.3     23    59,   59  /PD_TOP        (1.10)
i_0_2_1543/A->ZN         INV_X32                 rf  16359.8     14.5     13.8      0.7     15.3     18.6    106.2     22    59,   59  /PD_TOP        (1.10)
i_0_2_1567/B1->ZN        AOI222_X2               fr  16439.7     79.9     79.2      0.7      6.7      0.9      3.4      1    59,   59  /PD_TOP        (1.10)
i_0_2_1570/B->ZN         AOI211_X2               rf  16463.3     23.6     23.6      0.0     51.8      0.8      4.7      1    59,   59  /PD_TOP        (1.10)
i_0_2_1572/A->ZN         AOI21_X4                fr  16503.0     39.7     39.7      0.0      9.9      0.7      4.6      1    59,   59  /PD_TOP        (1.10)
i_0_2_1575/A->ZN         AOI21_X4                rf  16519.4     16.4     16.4      0.0     22.0      0.7      4.7      1    59,   59  /PD_TOP        (1.10)
i_0_2_1577/B1->ZN        OAI21_X4                fr  16544.4     25.0     25.0      0.0      7.9      0.8      3.4      1    59,   59  /PD_TOP        (1.10)
i_0_2_1583/A->ZN         OAI221_X2               rf  16579.9     35.5     35.5      0.0     17.4      0.9      3.5      1    59,   59  /PD_TOP        (1.10)
i_0_2_1588/A->ZN         OAI221_X2               fr  16607.8     27.9     27.9      0.0     18.2      0.9      3.3      1    59,   59  /PD_TOP        (1.10)
i_0_2_1597/A1->ZN        AOI222_X2               rf  16631.3     23.5     23.5      0.0     38.4      0.9      3.3      1    59,   59  /PD_TOP        (1.10)
i_0_2_1606/A1->ZN        OAI222_X2               fr  16673.5     42.2     42.2      0.0     19.0      0.9      4.9      1    59,   59  /PD_TOP        (1.10)
i_0_2_1611/A1->ZN        AOI22_X4                rf  16694.9     21.4     21.4      0.0     52.9      0.8      4.8      1    59,   59  /PD_TOP        (1.10)
i_0_2_1613/B1->ZN        OAI21_X4                fr  16721.8     26.9     26.9      0.0     12.5      0.8      3.4      1    59,   59  /PD_TOP        (1.10)
i_0_2_1617/A->ZN         OAI221_X2               rf  16757.0     35.2     35.2      0.0     17.4      0.9      3.3      1    59,   59  /PD_TOP        (1.10)
i_0_2_1626/A1->ZN        AOI222_X2               fr  16816.2     59.2     59.2      0.0     18.0      0.9      3.3      1    59,   59  /PD_TOP        (1.10)
i_0_2_1634/A1->ZN        OAI222_X2               rf  16859.1     42.9     42.9      0.0     51.5      0.9      3.5      1    59,   59  /PD_TOP        (1.10)
i_0_2_1638/A->ZN         OAI221_X2               fr  16890.1     31.0     31.0      0.0     20.7      0.8      4.9      1    59,   59  /PD_TOP        (1.10)
i_0_2_1640/B1->ZN        AOI21_X4                rf  16918.2     28.1     28.1      0.0     42.1      2.9     13.7      4    59,   59  /PD_TOP        (1.10)
i_0_12/i_29/A3->ZN       OR3_X4                  ff  16995.3     77.1     77.0      0.1     11.5      1.9      9.6      3    59,   59  /PD_TOP        (1.10)
i_0_12/i_28/A1->ZN       OR2_X4                  ff  17039.2     43.9     43.9      0.0     13.4      1.2      6.8      2    59,   59  /PD_TOP        (1.10)
i_0_12/i_27/A1->ZN       OR2_X4                  ff  17083.9     44.7     44.7      0.0      9.0      2.0     11.6      3    59,   59  /PD_TOP        (1.10)
i_0_12/i_26/A1->ZN       OR3_X4                  ff  17145.1     61.2     61.2      0.0     10.3      1.9      9.6      3    59,   59  /PD_TOP        (1.10)
i_0_12/i_25/A1->ZN       OR2_X4                  ff  17191.7     46.6     46.6      0.0     13.4      2.0     11.6      3    59,   59  /PD_TOP        (1.10)
i_0_12/i_24/A1->ZN       OR3_X4                  ff  17252.9     61.2     61.2      0.0     10.3      1.9      9.6      3    59,   59  /PD_TOP        (1.10)
i_0_12/i_23/A1->ZN       OR2_X4                  ff  17296.8     43.9     43.9      0.0     13.4      1.2      6.8      2    59,   59  /PD_TOP        (1.10)
i_0_12/i_22/A1->ZN       OR2_X4                  ff  17340.0     43.2     43.2      0.0      9.0      1.2      8.9      2    59,   59  /PD_TOP        (1.10)
i_0_12/i_21/A1->ZN       NOR2_X4                 fr  17369.0     29.0     29.0      0.0      9.5      1.2      8.7      2    59,   59  /PD_TOP        (1.10)
i_0_12/i_20/A1->ZN       NAND2_X4                rf  17389.2     20.2     20.2      0.0     20.5      2.0     11.6      3    59,   59  /PD_TOP        (1.10)
i_0_12/i_19/A1->ZN       OR3_X4                  ff  17447.2     58.0     58.0      0.0      9.8      1.3      5.4      2    59,   59  /PD_TOP        (1.10)
i_0_12/i_17/A1->ZN       AND2_X4                 ff  17475.2     28.0     28.0      0.0     12.2      0.7      4.6      1    59,   59  /PD_TOP        (1.10)
i_0_2_881/B1->ZN         AOI22_X4                fr  17543.2     68.0     68.0      0.0      5.7      0.7     26.2      1    59,   59  /PD_TOP        (1.10)
i_0_2_880/A->ZN          INV_X8                  rf  17552.9      9.7      9.7      0.0     50.8      2.3     11.1      3    59,   59  /PD_TOP        (1.10)
i_0_2_269/A4->ZN         NOR4_X4                 fr  17633.4     80.5     80.5      0.0      4.2      0.8      4.7      1    59,   59  /PD_TOP        (1.10)
i_0_2_270/A1->ZN         NAND3_X4                rf  17660.5     27.1     27.1      0.0     43.7      0.7      4.9      1    59,   59  /PD_TOP        (1.10)
i_0_2_271/A1->ZN         NOR3_X4                 fr  17700.5     40.0     40.0      0.0     11.2      1.5      6.8      2    59,   59  /PD_TOP        (1.10)
i_0_2_272/A1->ZN         NOR3_X2                 rf  17710.7     10.2     10.2      0.0     32.1      0.8      1.9      1    59,   59  /PD_TOP        (1.10)
posv_flag_reg/D          DFFR_X1                  f  17710.7      0.0               0.0      5.8                             59,   59  /PD_TOP        (1.10)
------------------------------------------------------------------------------------------------------------------------------------------------------------
Report for group I2O
Report for group R2O
------------------------------------------------------------------------------------------------------------------------------------------------------------
Startpoint: out64_reg[63]/Q
    (Clocked by sysclk R)
Endpoint: out_c[61]
    (Clocked by vsysclk R)
Path Group: R2O
Data required time: 42000.0
    (Clock shift: 60000.0, minus Uncertainty: 0.0, plus Latency 0.0, minus Out delay: 18000.0)
Data arrival time: 225.2
Slack: 41774.8
Logic depth: 0
------------------------------------------------------------------------------------------------------------------------------------------------------------
                                                     Arrival               Arc      Net               Net    Total   fan-                                   
Path                     Module/Cell           Edge     Time    Delay    Delay    Delay     Slew     Load     Load    out     Location Power Domain      (V)
                                                        (ps)     (ps)     (ps)     (ps)     (ps)     (ff)     (ff)    (#)      (um,um)                      
------------------------------------------------------------------------------------------------------------------------------------------------------------
clk                      {create_clock}           r      0.0      0.0      0.0                        0.0      0.0      1     0,   69                       
clk_gate_divide_by_zero_error_reg/CK->GCK
                         CLKGATETST_X1           rr      0.0      0.0      0.0      0.0      0.0      0.0      0.0     22    59,   59  /PD_TOP        (1.10)
out64_reg[63]/CK->Q      DFFR_X1*                rr    223.7    223.7    223.7      0.0      0.0    307.2    787.2     48    59,   59  /PD_TOP        (1.10)
out_c[61]                                         r    225.2      1.5               1.5     15.3                              0,   73                       
------------------------------------------------------------------------------------------------------------------------------------------------------------
