Report Physical info: 
------------------------+--------------+-----------+------------
                        |              |Area (squm)|Leakage (uW)
------------------------+--------------+-----------+------------
Design Name             |fpu_multiplier|           |            
  Total Instances       |           706|       1745|      33.017
    Macros              |             0|          0|       0.000
    Pads                |             0|          0|       0.000
    Phys                |             0|          0|       0.000
    Blackboxes          |             0|          0|       0.000
    Cells               |           706|       1745|      33.017
      Buffers           |             0|          0|       0.000
      Inverters         |            93|         49|       1.335
      Clock-Gates       |             1|          4|       0.059
      Combinational     |           590|       1572|      29.698
      Latches           |             0|          0|       0.000
      FlipFlops         |            22|        119|       1.925
       Single-Bit FF    |            22|        119|       1.925
       Multi-Bit FF     |             0|          0|       0.000
       Clock-Gated      |            21|           |            
       Bits             |            22|        119|       1.925
         Load-Enabled   |             0|           |            
         Clock-Gated    |            21|           |            
  Tristate Pin Count    |             0|           |            
Physical Info           |Placed        |           |            
  Chip Size (mm x mm)   |0.114 x 0.114 |      12979|            
  Fixed Cell Area       |              |          0|            
    Phys Only           |             0|          0|            
  Placeable Area        |              |       2861|            
  Movable Cell Area     |              |       1745|            
  Utilization (%)       |            61|           |            
  Chip Utilization (%)  |            61|           |            
  Total Wire Length (mm)|         3.484|           |            
  Longest Wire (mm)     |         0.170|           |            
  Average Wire (mm)     |         0.062|           |            
------------------------+--------------+-----------+------------
