Report End Points: 
-----+-------+------+-------+-------+-----+-----+-------+--------------------------+--------------------------
     |Group  |Launch|Capture|Shift  |Delay|Depth|Slack  |Begin Point               |End Point                 
-----+-------+------+-------+-------+-----+-----+-------+--------------------------+--------------------------
1    |default|sysclk|sysclk |60000.0| 44.2|    1|59824.4|divide_by_zero_error_reg/Q|divide_by_zero_error_reg/D
-----+-------+------+-------+-------+-----+-----+-------+--------------------------+--------------------------
Report End Points: 
-----+-----+--------------+-------+-------+-------+-----+-------+-----------+---------------
     |Group|Launch        |Capture|Shift  |Delay  |Depth|Slack  |Begin Point|End Point      
-----+-----+--------------+-------+-------+-------+-----+-------+-----------+---------------
1    |I2R  |rtDefaultClock|sysclk |60000.0|39048.1|  588|20219.1|in_b[1]    |zero_flag_reg/D
2    |I2R  |rtDefaultClock|sysclk |60000.0|39033.5|  587|20225.6|in_b[1]    |posv_flag_reg/D
3    |I2R  |rtDefaultClock|sysclk |60000.0|38976.3|  586|20284.0|in_b[1]    |out64_reg[15]/D
-----+-----+--------------+-------+-------+-------+-----+-------+-----------+---------------
Report End Points: 
-----+-----+------+-------+-----+-----+-----+-----+-----------+---------
     |Group|Launch|Capture|Shift|Delay|Depth|Slack|Begin Point|End Point
-----+-----+------+-------+-----+-----+-----+-----+-----------+---------
1    |I2O  |      |       |     |     |     |     |           |         
-----+-----+------+-------+-----+-----+-----+-----+-----------+---------
Report End Points: 
-----+-----+------+-------+-------+-----+-----+-------+---------------+---------
     |Group|Launch|Capture|Shift  |Delay|Depth|Slack  |Begin Point    |End Point
-----+-----+------+-------+-------+-----+-----+-------+---------------+---------
1    |R2O  |sysclk|vsysclk|60000.0|  2.0|    0|41771.6|out64_reg[63]/Q|out_c[63]
2    |R2O  |sysclk|vsysclk|60000.0|  2.0|    0|41771.6|out64_reg[63]/Q|out_c[58]
3    |R2O  |sysclk|vsysclk|60000.0|  2.0|    0|41771.6|out64_reg[63]/Q|out_c[56]
-----+-----+------+-------+-------+-----+-----+-------+---------------+---------
