Report End Points: 
-----+-------+------+-------+-------+------+-----+-------+--------------------+---------------------
     |Group  |Launch|Capture|Shift  |Delay |Depth|Slack  |Begin Point         |End Point            
-----+-------+------+-------+-------+------+-----+-------+--------------------+---------------------
1    |default|sysclk|sysclk |60000.0|4758.3|   66|55077.7|fpu_div_1/z_reg[0]/Q|fpu_div_1/z_reg[63]/D
2    |default|sysclk|sysclk |60000.0|4735.0|   65|55101.0|fpu_div_1/z_reg[0]/Q|fpu_div_1/z_reg[62]/D
3    |default|sysclk|sysclk |60000.0|4660.8|   64|55175.2|fpu_div_1/z_reg[0]/Q|fpu_div_1/z_reg[61]/D
-----+-------+------+-------+-------+------+-----+-------+--------------------+---------------------
Report End Points: 
-----+-----+------+-------+-----+-----+-----+-----+-----------+---------
     |Group|Launch|Capture|Shift|Delay|Depth|Slack|Begin Point|End Point
-----+-----+------+-------+-----+-----+-----+-----+-----------+---------
1    |I2R  |      |       |     |     |     |     |           |         
-----+-----+------+-------+-----+-----+-----+-----+-----------+---------
Report End Points: 
-----+-----+------+-------+-----+-----+-----+-----+-----------+---------
     |Group|Launch|Capture|Shift|Delay|Depth|Slack|Begin Point|End Point
-----+-----+------+-------+-----+-----+-----+-----+-----------+---------
1    |I2O  |      |       |     |     |     |     |           |         
-----+-----+------+-------+-----+-----+-----+-----+-----------+---------
Report End Points: 
-----+-----+------+-------+-----+-----+-----+-----+-----------+---------
     |Group|Launch|Capture|Shift|Delay|Depth|Slack|Begin Point|End Point
-----+-----+------+-------+-----+-----+-----+-----+-----------+---------
1    |R2O  |      |       |     |     |     |     |           |         
-----+-----+------+-------+-----+-----+-----+-----+-----------+---------
