Report Instance Areas: 
-----+--------------------------------+-----------------+-----+---------
     |Instance                        |Module           |Cells|Cell Area
-----+--------------------------------+-----------------+-----+---------
1    |top                             |                 | 2308|     3494
2    |  subtractor                    |fpu_adder        |  581|      895
3    |    FA1                         |full_adder__0_310|    2|        3
4    |    GEN_ADDER_CARRY_0_1_ADDER_0 |full_adder__0_314|    4|        5
5    |    GEN_ADDER_CARRY_0_2_ADDER_0 |full_adder__0_318|    4|        5
6    |    GEN_ADDER_CARRY_0_3_ADDER_0 |full_adder__0_322|    4|        5
7    |    GEN_ADDER_CARRY_0_4_ADDER_0 |full_adder__0_326|    4|        5
8    |    GEN_ADDER_CARRY_0_5_ADDER_0 |full_adder__0_330|    4|        5
9    |    GEN_ADDER_CARRY_0_6_ADDER_0 |full_adder__0_334|    4|        5
10   |    GEN_ADDER_CARRY_0_7_ADDER_0 |full_adder__0_338|    4|        5
11   |    GEN_ADDER_CARRY_0_8_ADDER_0 |full_adder__0_342|    4|        5
12   |    GEN_ADDER_CARRY_0_9_ADDER_0 |full_adder__0_346|    4|        5
13   |    GEN_ADDER_CARRY_0_10_ADDER_0|full_adder__0_350|    4|        5
14   |    GEN_ADDER_CARRY_0_11_ADDER_0|full_adder__0_354|    4|        5
15   |    GEN_ADDER_CARRY_0_12_ADDER_0|full_adder__0_358|    4|        5
16   |    GEN_ADDER_CARRY_0_13_ADDER_0|full_adder__0_362|    4|        5
17   |    GEN_ADDER_CARRY_0_14_ADDER_0|full_adder__0_366|    4|        5
18   |    GEN_ADDER_CARRY_0_15_ADDER_0|full_adder__0_370|    4|        5
19   |    GEN_ADDER_CARRY_0_16_ADDER_0|full_adder__0_374|    4|        5
20   |    GEN_ADDER_CARRY_0_17_ADDER_0|full_adder__0_378|    4|        5
21   |    GEN_ADDER_CARRY_0_18_ADDER_0|full_adder__0_382|    4|        5
22   |    GEN_ADDER_CARRY_0_19_ADDER_0|full_adder__0_386|    4|        5
23   |    GEN_ADDER_CARRY_0_20_ADDER_0|full_adder__0_390|    4|        5
24   |    GEN_ADDER_CARRY_0_21_ADDER_0|full_adder__0_394|    4|        5
25   |    GEN_ADDER_CARRY_0_22_ADDER_0|full_adder__0_398|    4|        5
26   |    GEN_ADDER_CARRY_0_23_ADDER_0|full_adder__0_402|    4|        5
27   |    GEN_ADDER_CARRY_0_24_ADDER_0|full_adder__0_406|    4|        5
28   |    GEN_ADDER_CARRY_0_25_ADDER_0|full_adder__0_410|    4|        5
29   |    GEN_ADDER_CARRY_0_26_ADDER_0|full_adder__0_414|    4|        5
30   |    GEN_ADDER_CARRY_0_27_ADDER_0|full_adder__0_418|    4|        5
31   |    GEN_ADDER_CARRY_0_28_ADDER_0|full_adder__0_422|    4|        5
32   |    GEN_ADDER_CARRY_0_29_ADDER_0|full_adder__0_426|    4|        5
33   |    GEN_ADDER_CARRY_0_30_ADDER_0|full_adder__0_430|    4|        5
34   |    GEN_ADDER_CARRY_0_31_ADDER_0|full_adder__0_434|    4|        5
35   |    GEN_ADDER_CARRY_0_32_ADDER_0|full_adder__0_438|    4|        5
36   |    GEN_ADDER_CARRY_0_33_ADDER_0|full_adder__0_442|    4|        5
37   |    GEN_ADDER_CARRY_0_34_ADDER_0|full_adder__0_446|    4|        5
38   |    GEN_ADDER_CARRY_0_35_ADDER_0|full_adder__0_450|    4|        5
39   |    GEN_ADDER_CARRY_0_36_ADDER_0|full_adder__0_454|    4|        5
40   |    GEN_ADDER_CARRY_0_37_ADDER_0|full_adder__0_458|    4|        5
41   |    GEN_ADDER_CARRY_0_38_ADDER_0|full_adder__0_462|    4|        5
42   |    GEN_ADDER_CARRY_0_39_ADDER_0|full_adder__0_466|    4|        5
43   |    GEN_ADDER_CARRY_0_40_ADDER_0|full_adder__0_470|    4|        5
44   |    GEN_ADDER_CARRY_0_41_ADDER_0|full_adder__0_474|    4|        5
45   |    GEN_ADDER_CARRY_0_42_ADDER_0|full_adder__0_478|    4|        5
46   |    GEN_ADDER_CARRY_0_43_ADDER_0|full_adder__0_482|    4|        5
47   |    GEN_ADDER_CARRY_0_44_ADDER_0|full_adder__0_486|    4|        5
48   |    GEN_ADDER_CARRY_0_45_ADDER_0|full_adder__0_490|    4|        5
49   |    GEN_ADDER_CARRY_0_46_ADDER_0|full_adder__0_494|    4|        5
50   |    GEN_ADDER_CARRY_0_47_ADDER_0|full_adder__0_498|    4|        5
51   |    GEN_ADDER_CARRY_0_48_ADDER_0|full_adder__0_502|    4|        5
52   |    GEN_ADDER_CARRY_0_49_ADDER_0|full_adder__0_506|    4|        5
53   |    GEN_ADDER_CARRY_0_50_ADDER_0|full_adder__0_510|    4|        5
54   |    GEN_ADDER_CARRY_0_51_ADDER_0|full_adder__0_514|    4|        5
55   |    GEN_ADDER_CARRY_0_52_ADDER_0|full_adder__0_518|    4|        5
56   |    GEN_ADDER_CARRY_0_53_ADDER_0|full_adder__0_522|    4|        5
57   |    GEN_ADDER_CARRY_0_54_ADDER_0|full_adder__0_526|    4|        5
58   |    GEN_ADDER_CARRY_0_55_ADDER_0|full_adder__0_530|    4|        5
59   |    GEN_ADDER_CARRY_0_56_ADDER_0|full_adder__0_534|    4|        5
60   |    GEN_ADDER_CARRY_0_57_ADDER_0|full_adder__0_538|    4|        5
61   |    GEN_ADDER_CARRY_0_58_ADDER_0|full_adder__0_542|    4|        5
62   |    GEN_ADDER_CARRY_0_59_ADDER_0|full_adder__0_546|    4|        5
63   |    GEN_ADDER_CARRY_0_60_ADDER_0|full_adder__0_550|    4|        5
64   |    GEN_ADDER_CARRY_0_61_ADDER_0|full_adder__0_554|    4|        5
65   |    GEN_ADDER_CARRY_0_62_ADDER_0|full_adder__0_558|    4|        5
66   |    GEN_ADDER_CARRY_0_63_ADDER_0|full_adder__0_562|    2|        3
-----+--------------------------------+-----------------+-----+---------
